Component: ARM Compiler 5.06 update 6 (build 750) Tool: armlink [4d35ed]

==============================================================================

Section Cross References

    main.o(i.SystemClock_Config) refers to stm32f3xx_hal_rcc.o(i.HAL_RCC_OscConfig) for HAL_RCC_OscConfig
    main.o(i.SystemClock_Config) refers to stm32f3xx_hal_rcc.o(i.HAL_RCC_ClockConfig) for HAL_RCC_ClockConfig
    main.o(i.main) refers to stm32f3xx_hal.o(i.HAL_Init) for HAL_Init
    main.o(i.main) refers to main.o(i.SystemClock_Config) for SystemClock_Config
    main.o(i.main) refers to debug.o(i.debug_init) for debug_init
    main.o(i.main) refers to printf3.o(i.__0printf$3) for __2printf
    main.o(i.main) refers to app_scheduler.o(i.app_scheduler_init) for app_scheduler_init
    main.o(i.main) refers to pin12_ctrl.o(i.pin12_ctrl_init) for pin12_ctrl_init
    main.o(i.main) refers to pin30_ctrl.o(i.pin30_ctrl_init) for pin30_ctrl_init
    main.o(i.main) refers to pin25_ctrl.o(i.pin25_ctrl_init) for pin25_ctrl_init
    main.o(i.main) refers to pin24_ctrl.o(i.pin24_ctrl_init) for pin24_ctrl_init
    main.o(i.main) refers to pin27_ctrl.o(i.pin27_ctrl_init) for pin27_ctrl_init
    main.o(i.main) refers to pin22_ctrl.o(i.pin22_ctrl_init) for pin22_ctrl_init
    main.o(i.main) refers to rssi_signal_ctrl.o(i.rssi_signal_ctrl_init) for rssi_signal_ctrl_init
    main.o(i.main) refers to pwm_ctrl.o(i.pwm_ctrl_init) for pwm_ctrl_init
    main.o(i.main) refers to adc_rssi.o(i.adc_init) for adc_init
    main.o(i.main) refers to comp.o(i.MX_COMP2_Init) for MX_COMP2_Init
    main.o(i.main) refers to dac.o(i.MX_DAC_Init) for MX_DAC_Init
    main.o(i.main) refers to tim.o(i.MX_TIM2_Init) for MX_TIM2_Init
    main.o(i.main) refers to systick.o(i.systick_1ms_cb_reg) for systick_1ms_cb_reg
    main.o(i.main) refers to app_scheduler.o(i.app_scheduler_exe) for app_scheduler_exe
    main.o(i.main) refers to main.o(i.systic_test) for systic_test
    main.o(i.scheduler_test) refers to printf3.o(i.__0printf$3) for __2printf
    main.o(i.systic_test) refers to app_scheduler.o(i.app_scheduler_put) for app_scheduler_put
    main.o(i.systic_test) refers to stm32f3xx_hal_gpio.o(i.HAL_GPIO_TogglePin) for HAL_GPIO_TogglePin
    main.o(i.systic_test) refers to main.o(.data) for main_run_count
    main.o(i.systic_test) refers to main.o(i.scheduler_test) for scheduler_test
    stm32f3xx_it.o(i.DMA1_Channel1_IRQHandler) refers to adc_rssi.o(i.adc_dma_isr_cb) for adc_dma_isr_cb
    stm32f3xx_it.o(i.EXTI15_10_IRQHandler) refers to pin25_ctrl.o(i.pin25_exti15_interrupt_handler) for pin25_exti15_interrupt_handler
    stm32f3xx_it.o(i.SysTick_Handler) refers to systick.o(i.systick_interrupt_callback) for systick_interrupt_callback
    stm32f3xx_it.o(i.TIM1_UP_TIM16_IRQHandler) refers to pwm_ctrl.o(i.pwm_tim1_up_interrupt_handler) for pwm_tim1_up_interrupt_handler
    stm32f3xx_it.o(i.TIM2_IRQHandler) refers to stm32f3xx_hal_tim.o(i.HAL_TIM_IRQHandler) for HAL_TIM_IRQHandler
    stm32f3xx_it.o(i.TIM2_IRQHandler) refers to tim.o(.bss) for htim2
    system_stm32f3xx.o(i.SystemCoreClockUpdate) refers to system_stm32f3xx.o(.data) for SystemCoreClock
    system_stm32f3xx.o(i.SystemCoreClockUpdate) refers to system_stm32f3xx.o(.constdata) for AHBPrescTable
    startup_stm32f301x8.o(RESET) refers to startup_stm32f301x8.o(STACK) for __initial_sp
    startup_stm32f301x8.o(RESET) refers to startup_stm32f301x8.o(.text) for Reset_Handler
    startup_stm32f301x8.o(RESET) refers to stm32f3xx_it.o(i.NMI_Handler) for NMI_Handler
    startup_stm32f301x8.o(RESET) refers to stm32f3xx_it.o(i.HardFault_Handler) for HardFault_Handler
    startup_stm32f301x8.o(RESET) refers to stm32f3xx_it.o(i.MemManage_Handler) for MemManage_Handler
    startup_stm32f301x8.o(RESET) refers to stm32f3xx_it.o(i.BusFault_Handler) for BusFault_Handler
    startup_stm32f301x8.o(RESET) refers to stm32f3xx_it.o(i.UsageFault_Handler) for UsageFault_Handler
    startup_stm32f301x8.o(RESET) refers to stm32f3xx_it.o(i.SVC_Handler) for SVC_Handler
    startup_stm32f301x8.o(RESET) refers to stm32f3xx_it.o(i.DebugMon_Handler) for DebugMon_Handler
    startup_stm32f301x8.o(RESET) refers to stm32f3xx_it.o(i.PendSV_Handler) for PendSV_Handler
    startup_stm32f301x8.o(RESET) refers to stm32f3xx_it.o(i.SysTick_Handler) for SysTick_Handler
    startup_stm32f301x8.o(RESET) refers to stm32f3xx_it.o(i.EXTI0_IRQHandler) for EXTI0_IRQHandler
    startup_stm32f301x8.o(RESET) refers to stm32f3xx_it.o(i.DMA1_Channel1_IRQHandler) for DMA1_Channel1_IRQHandler
    startup_stm32f301x8.o(RESET) refers to stm32f3xx_it.o(i.TIM1_UP_TIM16_IRQHandler) for TIM1_UP_TIM16_IRQHandler
    startup_stm32f301x8.o(RESET) refers to stm32f3xx_it.o(i.TIM2_IRQHandler) for TIM2_IRQHandler
    startup_stm32f301x8.o(RESET) refers to stm32f3xx_it.o(i.EXTI15_10_IRQHandler) for EXTI15_10_IRQHandler
    startup_stm32f301x8.o(.text) refers to system_stm32f3xx.o(i.SystemInit) for SystemInit
[...]
    ../clib/microlib/printf/stubs.s          0x00000000   Number         0  stubs.o ABSOLUTE
    ../clib/microlib/stdio/streams.c         0x00000000   Number         0  stdout.o ABSOLUTE
    ../clib/microlib/string/memcpy.c         0x00000000   Number         0  memcpya.o ABSOLUTE
    ../clib/microlib/string/memcpy.c         0x00000000   Number         0  memcpyb.o ABSOLUTE
    ../clib/microlib/string/memset.c         0x00000000   Number         0  memseta.o ABSOLUTE
    ../clib/microlib/stubs.s                 0x00000000   Number         0  iusefp.o ABSOLUTE
    ../fplib/microlib/fpadd.c                0x00000000   Number         0  dadd.o ABSOLUTE
    ../fplib/microlib/fpdiv.c                0x00000000   Number         0  ddiv.o ABSOLUTE
    ../fplib/microlib/fpepilogue.c           0x00000000   Number         0  depilogue.o ABSOLUTE
    ../fplib/microlib/fpfix.c                0x00000000   Number         0  dfixul.o ABSOLUTE
    ../fplib/microlib/fpmul.c                0x00000000   Number         0  dmul.o ABSOLUTE
    ..\\app\\adc_rssi.c                      0x00000000   Number         0  adc_rssi.o ABSOLUTE
    ..\\app\\app_scheduler.c                 0x00000000   Number         0  app_scheduler.o ABSOLUTE
    ..\\app\\comp.c                          0x00000000   Number         0  comp.o ABSOLUTE
    ..\\app\\dac.c                           0x00000000   Number         0  dac.o ABSOLUTE
    ..\\app\\debug.c                         0x00000000   Number         0  debug.o ABSOLUTE
    ..\\app\\pin12_ctrl.c                    0x00000000   Number         0  pin12_ctrl.o ABSOLUTE
    ..\\app\\pin22_ctrl.c                    0x00000000   Number         0  pin22_ctrl.o ABSOLUTE
    ..\\app\\pin24_ctrl.c                    0x00000000   Number         0  pin24_ctrl.o ABSOLUTE
    ..\\app\\pin25_ctrl.c                    0x00000000   Number         0  pin25_ctrl.o ABSOLUTE
    ..\\app\\pin27_ctrl.c                    0x00000000   Number         0  pin27_ctrl.o ABSOLUTE
    ..\\app\\pin30_ctrl.c                    0x00000000   Number         0  pin30_ctrl.o ABSOLUTE
    ..\\app\\pwm_ctrl.c                      0x00000000   Number         0  pwm_ctrl.o ABSOLUTE
    ..\\app\\rssi_signal_ctrl.c              0x00000000   Number         0  rssi_signal_ctrl.o ABSOLUTE
    ..\\app\\sync_head_ctrl.c                0x00000000   Number         0  sync_head_ctrl.o ABSOLUTE
    ..\\app\\tim.c                           0x00000000   Number         0  tim.o ABSOLUTE
    ..\\main\\main.c                         0x00000000   Number         0  main.o ABSOLUTE
    ..\\main\\stm32f3xx_it.c                 0x00000000   Number         0  stm32f3xx_it.o ABSOLUTE
    ..\\main\\system_stm32f3xx.c             0x00000000   Number         0  system_stm32f3xx.o ABSOLUTE
    ..\\st_lib\\STM32F3xx_HAL_Driver\\Src\\stm32f3xx_hal.c 0x00000000   Number         0  stm32f3xx_hal.o ABSOLUTE
    ..\\st_lib\\STM32F3xx_HAL_Driver\\Src\\stm32f3xx_hal_adc.c 0x00000000   Number         0  stm32f3xx_hal_adc.o ABSOLUTE
    ..\\st_lib\\STM32F3xx_HAL_Driver\\Src\\stm32f3xx_hal_adc_ex.c 0x00000000   Number         0  stm32f3xx_hal_adc_ex.o ABSOLUTE
    ..\\st_lib\\STM32F3xx_HAL_Driver\\Src\\stm32f3xx_hal_comp.c 0x00000000   Number         0  stm32f3xx_hal_comp.o ABSOLUTE
    ..\\st_lib\\STM32F3xx_HAL_Driver\\Src\\stm32f3xx_hal_cortex.c 0x00000000   Number         0  stm32f3xx_hal_cortex.o ABSOLUTE
    ..\\st_lib\\STM32F3xx_HAL_Driver\\Src\\stm32f3xx_hal_dac.c 0x00000000   Number         0  stm32f3xx_hal_dac.o ABSOLUTE
    ..\\st_lib\\STM32F3xx_HAL_Driver\\Src\\stm32f3xx_hal_dac_ex.c 0x00000000   Number         0  stm32f3xx_hal_dac_ex.o ABSOLUTE
    ..\\st_lib\\STM32F3xx_HAL_Driver\\Src\\stm32f3xx_hal_dma.c 0x00000000   Number         0  stm32f3xx_hal_dma.o ABSOLUTE
    ..\\st_lib\\STM32F3xx_HAL_Driver\\Src\\stm32f3xx_hal_gpio.c 0x00000000   Number         0  stm32f3xx_hal_gpio.o ABSOLUTE
    ..\\st_lib\\STM32F3xx_HAL_Driver\\Src\\stm32f3xx_hal_iwdg.c 0x00000000   Number         0  stm32f3xx_hal_iwdg.o ABSOLUTE
    ..\\st_lib\\STM32F3xx_HAL_Driver\\Src\\stm32f3xx_hal_rcc.c 0x00000000   Number         0  stm32f3xx_hal_rcc.o ABSOLUTE
    ..\\st_lib\\STM32F3xx_HAL_Driver\\Src\\stm32f3xx_hal_tim.c 0x00000000   Number         0  stm32f3xx_hal_tim.o ABSOLUTE
    ..\\st_lib\\STM32F3xx_HAL_Driver\\Src\\stm32f3xx_hal_tim_ex.c 0x00000000   Number         0  stm32f3xx_hal_tim_ex.o ABSOLUTE
    ..\\st_lib\\STM32F3xx_HAL_Driver\\Src\\stm32f3xx_hal_uart.c 0x00000000   Number         0  stm32f3xx_hal_uart.o ABSOLUTE
    ..\\st_lib\\STM32F3xx_HAL_Driver\\Src\\stm32f3xx_hal_uart_ex.c 0x00000000   Number         0  stm32f3xx_hal_uart_ex.o ABSOLUTE
    ..\\st_lib\\STM32F3xx_HAL_Driver\\Src\\stm32f3xx_hal_usart.c 0x00000000   Number         0  stm32f3xx_hal_usart.o ABSOLUTE
    ..\\st_lib\\STM32F3xx_HAL_Driver\\Src\\stm32f3xx_hal_usart_ex.c 0x00000000   Number         0  stm32f3xx_hal_usart_ex.o ABSOLUTE
    ..\app\adc_rssi.c                        0x00000000   Number         0  adc_rssi.o ABSOLUTE
    ..\app\app_scheduler.c                   0x00000000   Number         0  app_scheduler.o ABSOLUTE
    ..\app\comp.c                            0x00000000   Number         0  comp.o ABSOLUTE
    ..\app\dac.c                             0x00000000   Number         0  dac.o ABSOLUTE
    ..\app\debug.c                           0x00000000   Number         0  debug.o ABSOLUTE
    ..\app\pin12_ctrl.c                      0x00000000   Number         0  pin12_ctrl.o ABSOLUTE
    ..\app\pin22_ctrl.c                      0x00000000   Number         0  pin22_ctrl.o ABSOLUTE
    ..\app\pin24_ctrl.c                      0x00000000   Number         0  pin24_ctrl.o ABSOLUTE
    ..\app\pin25_ctrl.c                      0x00000000   Number         0  pin25_ctrl.o ABSOLUTE
    ..\app\pin27_ctrl.c                      0x00000000   Number         0  pin27_ctrl.o ABSOLUTE
    ..\app\pin30_ctrl.c                      0x00000000   Number         0  pin30_ctrl.o ABSOLUTE
    ..\app\pwm_ctrl.c                        0x00000000   Number         0  pwm_ctrl.o ABSOLUTE
    ..\app\rssi_signal_ctrl.c                0x00000000   Number         0  rssi_signal_ctrl.o ABSOLUTE
    ..\app\sync_head_ctrl.c                  0x00000000   Number         0  sync_head_ctrl.o ABSOLUTE
    ..\app\systick.c                         0x00000000   Number         0  systick.o ABSOLUTE
    ..\app\tim.c                             0x00000000   Number         0  tim.o ABSOLUTE
    ..\app\watchdog.c                        0x00000000   Number         0  watchdog.o ABSOLUTE
    ..\main\main.c                           0x00000000   Number         0  main.o ABSOLUTE
    ..\main\startup_stm32f301x8.s            0x00000000   Number         0  startup_stm32f301x8.o ABSOLUTE
    ..\main\stm32f3xx_it.c                   0x00000000   Number         0  stm32f3xx_it.o ABSOLUTE
    ..\main\system_stm32f3xx.c               0x00000000   Number         0  system_stm32f3xx.o ABSOLUTE
    ..\st_lib\STM32F3xx_HAL_Driver\Src\stm32f3xx_hal.c 0x00000000   Number         0  stm32f3xx_hal.o ABSOLUTE
    ..\st_lib\STM32F3xx_HAL_Driver\Src\stm32f3xx_hal_adc.c 0x00000000   Number         0  stm32f3xx_hal_adc.o ABSOLUTE
    ..\st_lib\STM32F3xx_HAL_Driver\Src\stm32f3xx_hal_adc_ex.c 0x00000000   Number         0  stm32f3xx_hal_adc_ex.o ABSOLUTE
    ..\st_lib\STM32F3xx_HAL_Driver\Src\stm32f3xx_hal_comp.c 0x00000000   Number         0  stm32f3xx_hal_comp.o ABSOLUTE
    ..\st_lib\STM32F3xx_HAL_Driver\Src\stm32f3xx_hal_cortex.c 0x00000000   Number         0  stm32f3xx_hal_cortex.o ABSOLUTE
    ..\st_lib\STM32F3xx_HAL_Driver\Src\stm32f3xx_hal_dac.c 0x00000000   Number         0  stm32f3xx_hal_dac.o ABSOLUTE
    ..\st_lib\STM32F3xx_HAL_Driver\Src\stm32f3xx_hal_dac_ex.c 0x00000000   Number         0  stm32f3xx_hal_dac_ex.o ABSOLUTE
    ..\st_lib\STM32F3xx_HAL_Driver\Src\stm32f3xx_hal_dma.c 0x00000000   Number         0  stm32f3xx_hal_dma.o ABSOLUTE
    ..\st_lib\STM32F3xx_HAL_Driver\Src\stm32f3xx_hal_gpio.c 0x00000000   Number         0  stm32f3xx_hal_gpio.o ABSOLUTE
    ..\st_lib\STM32F3xx_HAL_Driver\Src\stm32f3xx_hal_iwdg.c 0x00000000   Number         0  stm32f3xx_hal_iwdg.o ABSOLUTE
    ..\st_lib\STM32F3xx_HAL_Driver\Src\stm32f3xx_hal_rcc.c 0x00000000   Number         0  stm32f3xx_hal_rcc.o ABSOLUTE
    ..\st_lib\STM32F3xx_HAL_Driver\Src\stm32f3xx_hal_tim.c 0x00000000   Number         0  stm32f3xx_hal_tim.o ABSOLUTE
    ..\st_lib\STM32F3xx_HAL_Driver\Src\stm32f3xx_hal_tim_ex.c 0x00000000   Number         0  stm32f3xx_hal_tim_ex.o ABSOLUTE
    ..\st_lib\STM32F3xx_HAL_Driver\Src\stm32f3xx_hal_uart.c 0x00000000   Number         0  stm32f3xx_hal_uart.o ABSOLUTE
    ..\st_lib\STM32F3xx_HAL_Driver\Src\stm32f3xx_hal_uart_ex.c 0x00000000   Number         0  stm32f3xx_hal_uart_ex.o ABSOLUTE
    ..\st_lib\STM32F3xx_HAL_Driver\Src\stm32f3xx_hal_usart.c 0x00000000   Number         0  stm32f3xx_hal_usart.o ABSOLUTE
    ..\st_lib\STM32F3xx_HAL_Driver\Src\stm32f3xx_hal_usart_ex.c 0x00000000   Number         0  stm32f3xx_hal_usart_ex.o ABSOLUTE
    cdrcmple.s                               0x00000000   Number         0  cdrcmple.o ABSOLUTE
    dc.s                                     0x00000000   Number         0  dc.o ABSOLUTE
    handlers.s                               0x00000000   Number         0  handlers.o ABSOLUTE
    init.s                                   0x00000000   Number         0  init.o ABSOLUTE
    RESET                                    0x08000000   Section      392  startup_stm32f301x8.o(RESET)
    .ARM.Collect$$$$00000000                 0x08000188   Section        0  entry.o(.ARM.Collect$$$$00000000)
    .ARM.Collect$$$$00000001                 0x08000188   Section        4  entry2.o(.ARM.Collect$$$$00000001)
    .ARM.Collect$$$$00000004                 0x0800018c   Section        4  entry5.o(.ARM.Collect$$$$00000004)
    .ARM.Collect$$$$00000008                 0x08000190   Section        0  entry7b.o(.ARM.Collect$$$$00000008)
    .ARM.Collect$$$$0000000A                 0x08000190   Section        0  entry8b.o(.ARM.Collect$$$$0000000A)
    .ARM.Collect$$$$0000000B                 0x08000190   Section        8  entry9a.o(.ARM.Collect$$$$0000000B)
    .ARM.Collect$$$$0000000D                 0x08000198   Section        0  entry10a.o(.ARM.Collect$$$$0000000D)
    .ARM.Collect$$$$0000000F                 0x08000198   Section        0  entry11a.o(.ARM.Collect$$$$0000000F)
    .ARM.Collect$$$$00002712                 0x08000198   Section        4  entry2.o(.ARM.Collect$$$$00002712)
    __lit__00000000                          0x08000198   Data           4  entry2.o(.ARM.Collect$$$$00002712)
    .text                                    0x0800019c   Section       36  startup_stm32f301x8.o(.text)
    $v0                                      0x0800019c   Number         0  startup_stm32f301x8.o(.text)
    .text                                    0x080001c0   Section        0  uldiv.o(.text)
    .text                                    0x08000222   Section        0  memcpya.o(.text)
    .text                                    0x08000246   Section        0  memseta.o(.text)
    .text                                    0x0800026a   Section        0  uidiv.o(.text)
    .text                                    0x08000296   Section        0  llshl.o(.text)
    .text                                    0x080002b4   Section        0  llushr.o(.text)
    .text                                    0x080002d4   Section       36  init.o(.text)
    i.ADC_ConversionStop                     0x080002f8   Section        0  stm32f3xx_hal_adc_ex.o(i.ADC_ConversionStop)
    ADC_ConversionStop                       0x080002f9   Thumb Code   264  stm32f3xx_hal_adc_ex.o(i.ADC_ConversionStop)
    i.ADC_DMAConvCplt                        0x08000404   Section        0  stm32f3xx_hal_adc_ex.o(i.ADC_DMAConvCplt)
    ADC_DMAConvCplt                          0x08000405   Thumb Code    78  stm32f3xx_hal_adc_ex.o(i.ADC_DMAConvCplt)
    i.ADC_DMAError                           0x08000452   Section        0  stm32f3xx_hal_adc_ex.o(i.ADC_DMAError)
    ADC_DMAError                             0x08000453   Thumb Code    30  stm32f3xx_hal_adc_ex.o(i.ADC_DMAError)
    i.ADC_DMAHalfConvCplt                    0x08000470   Section        0  stm32f3xx_hal_adc_ex.o(i.ADC_DMAHalfConvCplt)
    ADC_DMAHalfConvCplt                      0x08000471   Thumb Code    14  stm32f3xx_hal_adc_ex.o(i.ADC_DMAHalfConvCplt)
    i.ADC_Disable                            0x0800047e   Section        0  stm32f3xx_hal_adc_ex.o(i.ADC_Disable)
    ADC_Disable                              0x0800047f   Thumb Code   152  stm32f3xx_hal_adc_ex.o(i.ADC_Disable)
    i.ADC_Enable                             0x08000518   Section        0  stm32f3xx_hal_adc_ex.o(i.ADC_Enable)
    ADC_Enable                               0x08000519   Thumb Code   140  stm32f3xx_hal_adc_ex.o(i.ADC_Enable)
    i.BusFault_Handler                       0x080005a8   Section        0  stm32f3xx_it.o(i.BusFault_Handler)
    i.DMA1_Channel1_IRQHandler               0x080005ac   Section        0  stm32f3xx_it.o(i.DMA1_Channel1_IRQHandler)
    i.DMA_CalcBaseAndBitshift                0x080005b4   Section        0  stm32f3xx_hal_dma.o(i.DMA_CalcBaseAndBitshift)
    DMA_CalcBaseAndBitshift                  0x080005b5   Thumb Code    24  stm32f3xx_hal_dma.o(i.DMA_CalcBaseAndBitshift)
    i.DMA_SetConfig                          0x080005d0   Section        0  stm32f3xx_hal_dma.o(i.DMA_SetConfig)
    DMA_SetConfig                            0x080005d1   Thumb Code    44  stm32f3xx_hal_dma.o(i.DMA_SetConfig)
    i.DebugMon_Handler                       0x080005fc   Section        0  stm32f3xx_it.o(i.DebugMon_Handler)
    i.EXTI0_IRQHandler                       0x080005fe   Section        0  stm32f3xx_it.o(i.EXTI0_IRQHandler)
    i.EXTI15_10_IRQHandler                   0x08000600   Section        0  stm32f3xx_it.o(i.EXTI15_10_IRQHandler)
    i.Error_Handler                          0x08000624   Section        0  main.o(i.Error_Handler)
    i.HAL_ADCEx_Calibration_Start            0x08000626   Section        0  stm32f3xx_hal_adc_ex.o(i.HAL_ADCEx_Calibration_Start)
    i.HAL_ADC_ConfigChannel                  0x080006d4   Section        0  stm32f3xx_hal_adc_ex.o(i.HAL_ADC_ConfigChannel)
    i.HAL_ADC_ConvCpltCallback               0x08000ad8   Section        0  stm32f3xx_hal_adc.o(i.HAL_ADC_ConvCpltCallback)
    i.HAL_ADC_ConvHalfCpltCallback           0x08000ada   Section        0  stm32f3xx_hal_adc.o(i.HAL_ADC_ConvHalfCpltCallback)
    i.HAL_ADC_DeInit                         0x08000adc   Section        0  stm32f3xx_hal_adc_ex.o(i.HAL_ADC_DeInit)
    i.HAL_ADC_ErrorCallback                  0x08000cc4   Section        0  stm32f3xx_hal_adc.o(i.HAL_ADC_ErrorCallback)
    i.HAL_ADC_Init                           0x08000cc8   Section        0  stm32f3xx_hal_adc_ex.o(i.HAL_ADC_Init)
    i.HAL_ADC_MspDeInit                      0x08000f0c   Section        0  stm32f3xx_hal_adc.o(i.HAL_ADC_MspDeInit)
    i.HAL_ADC_MspInit                        0x08000f0e   Section        0  stm32f3xx_hal_adc.o(i.HAL_ADC_MspInit)
    i.HAL_ADC_Start_DMA                      0x08000f10   Section        0  stm32f3xx_hal_adc_ex.o(i.HAL_ADC_Start_DMA)
    i.HAL_ADC_Stop_DMA                       0x08001008   Section        0  stm32f3xx_hal_adc_ex.o(i.HAL_ADC_Stop_DMA)
    i.HAL_COMP_Init                          0x08001088   Section        0  stm32f3xx_hal_comp.o(i.HAL_COMP_Init)
    i.HAL_COMP_MspInit                       0x08001150   Section        0  comp.o(i.HAL_COMP_MspInit)
    i.HAL_COMP_Start                         0x080011c4   Section        0  stm32f3xx_hal_comp.o(i.HAL_COMP_Start)
    i.HAL_DAC_ConfigChannel                  0x08001308   Section        0  stm32f3xx_hal_dac_ex.o(i.HAL_DAC_ConfigChannel)
    i.HAL_DAC_Init                           0x08001362   Section        0  stm32f3xx_hal_dac.o(i.HAL_DAC_Init)
    i.HAL_DAC_MspInit                        0x0800138c   Section        0  dac.o(i.HAL_DAC_MspInit)
    i.HAL_DAC_SetValue                       0x080013fc   Section        0  stm32f3xx_hal_dac_ex.o(i.HAL_DAC_SetValue)
    i.HAL_DAC_Start                          0x0800141c   Section        0  stm32f3xx_hal_dac_ex.o(i.HAL_DAC_Start)
    i.HAL_DMA_Abort                          0x0800146a   Section        0  stm32f3xx_hal_dma.o(i.HAL_DMA_Abort)
    i.HAL_DMA_DeInit                         0x080014be   Section        0  stm32f3xx_hal_dma.o(i.HAL_DMA_DeInit)
    i.HAL_DMA_Init                           0x08001514   Section        0  stm32f3xx_hal_dma.o(i.HAL_DMA_Init)
    i.HAL_DMA_Start_IT                       0x0800156a   Section        0  stm32f3xx_hal_dma.o(i.HAL_DMA_Start_IT)
    i.HAL_GPIO_Init                          0x08001608   Section        0  stm32f3xx_hal_gpio.o(i.HAL_GPIO_Init)
    i.HAL_GPIO_ReadPin                       0x080017c4   Section        0  stm32f3xx_hal_gpio.o(i.HAL_GPIO_ReadPin)
    i.HAL_GPIO_TogglePin                     0x080017d4   Section        0  stm32f3xx_hal_gpio.o(i.HAL_GPIO_TogglePin)
    i.HAL_GPIO_WritePin                      0x080017e4   Section        0  stm32f3xx_hal_gpio.o(i.HAL_GPIO_WritePin)
    i.HAL_GetTick                            0x080017f0   Section        0  stm32f3xx_hal.o(i.HAL_GetTick)
    i.HAL_Init                               0x080017fc   Section        0  stm32f3xx_hal.o(i.HAL_Init)
    i.HAL_InitTick                           0x08001824   Section        0  stm32f3xx_hal.o(i.HAL_InitTick)
    i.HAL_MspInit                            0x08001870   Section        0  stm32f3xx_hal.o(i.HAL_MspInit)
    i.HAL_NVIC_EnableIRQ                     0x08001872   Section        0  stm32f3xx_hal_cortex.o(i.HAL_NVIC_EnableIRQ)
    i.HAL_NVIC_SetPriority                   0x08001892   Section        0  stm32f3xx_hal_cortex.o(i.HAL_NVIC_SetPriority)
    i.HAL_NVIC_SetPriorityGrouping           0x08001910   Section        0  stm32f3xx_hal_cortex.o(i.HAL_NVIC_SetPriorityGrouping)
    i.HAL_RCC_ClockConfig                    0x08001938   Section        0  stm32f3xx_hal_rcc.o(i.HAL_RCC_ClockConfig)
    i.HAL_RCC_GetHCLKFreq                    0x08001be4   Section        0  stm32f3xx_hal_rcc.o(i.HAL_RCC_GetHCLKFreq)
    i.HAL_RCC_GetPCLK1Freq                   0x08001bf0   Section        0  stm32f3xx_hal_rcc.o(i.HAL_RCC_GetPCLK1Freq)
    i.HAL_RCC_GetPCLK2Freq                   0x08001c1c   Section        0  stm32f3xx_hal_rcc.o(i.HAL_RCC_GetPCLK2Freq)
    i.HAL_RCC_GetSysClockFreq                0x08001c48   Section        0  stm32f3xx_hal_rcc.o(i.HAL_RCC_GetSysClockFreq)
    i.HAL_RCC_OscConfig                      0x08001cec   Section        0  stm32f3xx_hal_rcc.o(i.HAL_RCC_OscConfig)
    i.HAL_SYSTICK_Config                     0x08002710   Section        0  stm32f3xx_hal_cortex.o(i.HAL_SYSTICK_Config)
    i.HAL_TIMEx_Break2Callback               0x08002744   Section        0  stm32f3xx_hal_tim_ex.o(i.HAL_TIMEx_Break2Callback)
    i.HAL_TIMEx_BreakCallback                0x08002746   Section        0  stm32f3xx_hal_tim_ex.o(i.HAL_TIMEx_BreakCallback)
    i.HAL_TIMEx_CommutCallback               0x08002748   Section        0  stm32f3xx_hal_tim_ex.o(i.HAL_TIMEx_CommutCallback)
    i.HAL_TIMEx_MasterConfigSynchronization  0x0800274c   Section        0  stm32f3xx_hal_tim_ex.o(i.HAL_TIMEx_MasterConfigSynchronization)
    i.HAL_TIM_Base_Init                      0x080027d4   Section        0  stm32f3xx_hal_tim.o(i.HAL_TIM_Base_Init)
    i.HAL_TIM_Base_MspInit                   0x08002808   Section        0  tim.o(i.HAL_TIM_Base_MspInit)
    i.HAL_TIM_Base_Start_IT                  0x0800288c   Section        0  stm32f3xx_hal_tim.o(i.HAL_TIM_Base_Start_IT)
    i.HAL_TIM_ConfigClockSource              0x080028c4   Section        0  stm32f3xx_hal_tim.o(i.HAL_TIM_ConfigClockSource)
    i.HAL_TIM_IC_CaptureCallback             0x080029d0   Section        0  tim.o(i.HAL_TIM_IC_CaptureCallback)
    i.HAL_TIM_IC_ConfigChannel               0x08002a18   Section        0  stm32f3xx_hal_tim.o(i.HAL_TIM_IC_ConfigChannel)
    i.HAL_TIM_IC_Init                        0x08002af8   Section        0  stm32f3xx_hal_tim.o(i.HAL_TIM_IC_Init)
    i.HAL_TIM_IC_MspInit                     0x08002b2c   Section        0  stm32f3xx_hal_tim.o(i.HAL_TIM_IC_MspInit)
    i.HAL_TIM_IC_Start                       0x08002b30   Section        0  stm32f3xx_hal_tim.o(i.HAL_TIM_IC_Start)
    i.HAL_TIM_IC_Start_IT                    0x08002b68   Section        0  stm32f3xx_hal_tim.o(i.HAL_TIM_IC_Start_IT)
    i.HAL_TIM_IRQHandler                     0x08002bec   Section        0  stm32f3xx_hal_tim.o(i.HAL_TIM_IRQHandler)
    i.HAL_TIM_OC_DelayElapsedCallback        0x08002da4   Section        0  stm32f3xx_hal_tim.o(i.HAL_TIM_OC_DelayElapsedCallback)
    i.HAL_TIM_PWM_PulseFinishedCallback      0x08002da6   Section        0  stm32f3xx_hal_tim.o(i.HAL_TIM_PWM_PulseFinishedCallback)
    i.HAL_TIM_PeriodElapsedCallback          0x08002da8   Section        0  tim.o(i.HAL_TIM_PeriodElapsedCallback)
    i.HAL_TIM_TriggerCallback                0x08002db8   Section        0  stm32f3xx_hal_tim.o(i.HAL_TIM_TriggerCallback)
    i.HAL_UART_DeInit                        0x08002dba   Section        0  stm32f3xx_hal_uart.o(i.HAL_UART_DeInit)
    i.HAL_UART_Init                          0x08002dfc   Section        0  stm32f3xx_hal_uart.o(i.HAL_UART_Init)
    i.HAL_UART_MspDeInit                     0x08002e70   Section        0  stm32f3xx_hal_uart.o(i.HAL_UART_MspDeInit)
    i.HAL_UART_MspInit                       0x08002e72   Section        0  stm32f3xx_hal_uart.o(i.HAL_UART_MspInit)
    i.HardFault_Handler                      0x08002e74   Section        0  stm32f3xx_it.o(i.HardFault_Handler)
    i.MX_COMP2_Init                          0x08002e78   Section        0  comp.o(i.MX_COMP2_Init)
    i.MX_DAC_Init                            0x08002eb4   Section        0  dac.o(i.MX_DAC_Init)
    i.MX_TIM2_Init                           0x08002f08   Section        0  tim.o(i.MX_TIM2_Init)
    i.MemManage_Handler                      0x08002fc0   Section        0  stm32f3xx_it.o(i.MemManage_Handler)
    i.NMI_Handler                            0x08002fc4   Section        0  stm32f3xx_it.o(i.NMI_Handler)
    i.PendSV_Handler                         0x08002fc6   Section        0  stm32f3xx_it.o(i.PendSV_Handler)
    i.SVC_Handler                            0x08002fc8   Section        0  stm32f3xx_it.o(i.SVC_Handler)
    i.SysTick_Handler                        0x08002fca   Section        0  stm32f3xx_it.o(i.SysTick_Handler)
    i.SystemClock_Config                     0x08002fd2   Section        0  main.o(i.SystemClock_Config)
    i.SystemInit                             0x08003024   Section        0  system_stm32f3xx.o(i.SystemInit)
    i.TIM1_UP_TIM16_IRQHandler               0x080030a0   Section        0  stm32f3xx_it.o(i.TIM1_UP_TIM16_IRQHandler)
    i.TIM2_IRQHandler                        0x080030a8   Section        0  stm32f3xx_it.o(i.TIM2_IRQHandler)
    i.TIM_Base_SetConfig                     0x080030b8   Section        0  stm32f3xx_hal_tim.o(i.TIM_Base_SetConfig)
    i.TIM_CCxChannelCmd                      0x0800313c   Section        0  stm32f3xx_hal_tim.o(i.TIM_CCxChannelCmd)
    i.TIM_ETR_SetConfig                      0x0800315e   Section        0  stm32f3xx_hal_tim.o(i.TIM_ETR_SetConfig)
    i.TIM_ITRx_SetConfig                     0x08003174   Section        0  stm32f3xx_hal_tim.o(i.TIM_ITRx_SetConfig)
    TIM_ITRx_SetConfig                       0x08003175   Thumb Code    18  stm32f3xx_hal_tim.o(i.TIM_ITRx_SetConfig)
    i.TIM_TI1_ConfigInputStage               0x08003186   Section        0  stm32f3xx_hal_tim.o(i.TIM_TI1_ConfigInputStage)
    TIM_TI1_ConfigInputStage                 0x08003187   Thumb Code    38  stm32f3xx_hal_tim.o(i.TIM_TI1_ConfigInputStage)
    i.TIM_TI1_SetConfig                      0x080031ac   Section        0  stm32f3xx_hal_tim.o(i.TIM_TI1_SetConfig)
    i.TIM_TI2_ConfigInputStage               0x08003208   Section        0  stm32f3xx_hal_tim.o(i.TIM_TI2_ConfigInputStage)
    TIM_TI2_ConfigInputStage                 0x08003209   Thumb Code    40  stm32f3xx_hal_tim.o(i.TIM_TI2_ConfigInputStage)
    i.TIM_TI2_SetConfig                      0x08003230   Section        0  stm32f3xx_hal_tim.o(i.TIM_TI2_SetConfig)
    TIM_TI2_SetConfig                        0x08003231   Thumb Code    58  stm32f3xx_hal_tim.o(i.TIM_TI2_SetConfig)
    i.TIM_TI3_SetConfig                      0x0800326a   Section        0  stm32f3xx_hal_tim.o(i.TIM_TI3_SetConfig)
    TIM_TI3_SetConfig                        0x0800326b   Thumb Code    56  stm32f3xx_hal_tim.o(i.TIM_TI3_SetConfig)
    i.TIM_TI4_SetConfig                      0x080032a2   Section        0  stm32f3xx_hal_tim.o(i.TIM_TI4_SetConfig)
    TIM_TI4_SetConfig                        0x080032a3   Thumb Code    60  stm32f3xx_hal_tim.o(i.TIM_TI4_SetConfig)
    i.UART_AdvFeatureConfig                  0x080032de   Section        0  stm32f3xx_hal_uart.o(i.UART_AdvFeatureConfig)
    i.UART_CheckIdleState                    0x080033d6   Section        0  stm32f3xx_hal_uart.o(i.UART_CheckIdleState)
    i.UART_SetConfig                         0x08003444   Section        0  stm32f3xx_hal_uart.o(i.UART_SetConfig)
    i.UART_WaitOnFlagUntilTimeout            0x0800365c   Section        0  stm32f3xx_hal_uart.o(i.UART_WaitOnFlagUntilTimeout)
    i.UsageFault_Handler                     0x08003710   Section        0  stm32f3xx_it.o(i.UsageFault_Handler)
    i.__0printf$3                            0x08003714   Section        0  printf3.o(i.__0printf$3)
    i.__NVIC_GetPriorityGrouping             0x08003734   Section        0  stm32f3xx_hal_cortex.o(i.__NVIC_GetPriorityGrouping)
    __NVIC_GetPriorityGrouping               0x08003735   Thumb Code    10  stm32f3xx_hal_cortex.o(i.__NVIC_GetPriorityGrouping)
    i.__NVIC_SetPriority                     0x08003744   Section        0  stm32f3xx_hal_cortex.o(i.__NVIC_SetPriority)
    __NVIC_SetPriority                       0x08003745   Thumb Code    32  stm32f3xx_hal_cortex.o(i.__NVIC_SetPriority)
    i.__scatterload_copy                     0x0800376c   Section       14  handlers.o(i.__scatterload_copy)
    i.__scatterload_null                     0x0800377a   Section        2  handlers.o(i.__scatterload_null)
    i.__scatterload_zeroinit                 0x0800377c   Section       14  handlers.o(i.__scatterload_zeroinit)
    i._printf_core                           0x0800378c   Section        0  printf3.o(i._printf_core)
    _printf_core                             0x0800378d   Thumb Code   436  printf3.o(i._printf_core)
    i.adc_dma_isr_cb                         0x08003944   Section        0  adc_rssi.o(i.adc_dma_isr_cb)
    i.adc_init                               0x08003978   Section        0  adc_rssi.o(i.adc_init)
    i.adc_sample_1ms_cb                      0x08003b10   Section        0  adc_rssi.o(i.adc_sample_1ms_cb)
    adc_sample_1ms_cb                        0x08003b11   Thumb Code    16  adc_rssi.o(i.adc_sample_1ms_cb)
    i.adc_value_change_reg                   0x08003b28   Section        0  adc_rssi.o(i.adc_value_change_reg)
    i.adc_value_deal                         0x08003b34   Section        0  adc_rssi.o(i.adc_value_deal)
    adc_value_deal                           0x08003b35   Thumb Code   146  adc_rssi.o(i.adc_value_deal)
    i.app_scheduler_exe                      0x08003bd8   Section        0  app_scheduler.o(i.app_scheduler_exe)
    i.app_scheduler_get                      0x08003bf4   Section        0  app_scheduler.o(i.app_scheduler_get)
    i.app_scheduler_init                     0x08003c40   Section        0  app_scheduler.o(i.app_scheduler_init)
    i.app_scheduler_next_index               0x08003c44   Section        0  app_scheduler.o(i.app_scheduler_next_index)
    app_scheduler_next_index                 0x08003c45   Thumb Code    18  app_scheduler.o(i.app_scheduler_next_index)
    i.app_scheduler_put                      0x08003c58   Section        0  app_scheduler.o(i.app_scheduler_put)
    i.capture_head_evt_handler               0x08003d78   Section        0  tim.o(i.capture_head_evt_handler)
    capture_head_evt_handler                 0x08003d79   Thumb Code   142  tim.o(i.capture_head_evt_handler)
    i.capture_sync_head                      0x08003e14   Section        0  tim.o(i.capture_sync_head)
    capture_sync_head                        0x08003e15   Thumb Code   118  tim.o(i.capture_sync_head)
    i.debug_init                             0x08003e9c   Section        0  debug.o(i.debug_init)
    i.debug_uart_gpio_init                   0x08003f10   Section        0  debug.o(i.debug_uart_gpio_init)
    debug_uart_gpio_init                     0x08003f11   Thumb Code    64  debug.o(i.debug_uart_gpio_init)
    i.fputc                                  0x08003f58   Section        0  debug.o(i.fputc)
    i.main                                   0x08003f74   Section        0  main.o(i.main)
    i.pin12_ctrl_init                        0x08004060   Section        0  pin12_ctrl.o(i.pin12_ctrl_init)
    i.pin12_set_video_ctrl                   0x080040b0   Section        0  pin12_ctrl.o(i.pin12_set_video_ctrl)
    i.pin22_ctrl_init                        0x080040d8   Section        0  pin22_ctrl.o(i.pin22_ctrl_init)
    i.pin22_output_ctrl                      0x0800412c   Section        0  pin22_ctrl.o(i.pin22_output_ctrl)
    i.pin24_ctrl_init                        0x08004140   Section        0  pin24_ctrl.o(i.pin24_ctrl_init)
    i.pin24_output_ctrl                      0x08004194   Section        0  pin24_ctrl.o(i.pin24_output_ctrl)
    i.pin25_1ms_callback                     0x080041a8   Section        0  pin25_ctrl.o(i.pin25_1ms_callback)
    pin25_1ms_callback                       0x080041a9   Thumb Code    54  pin25_ctrl.o(i.pin25_1ms_callback)
    i.pin25_ctrl_init                        0x080041e8   Section        0  pin25_ctrl.o(i.pin25_ctrl_init)
    i.pin25_exti15_interrupt_handler         0x0800424c   Section        0  pin25_ctrl.o(i.pin25_exti15_interrupt_handler)
    i.pin27_ctrl_init                        0x08004300   Section        0  pin27_ctrl.o(i.pin27_ctrl_init)
    i.pin30_ctrl_init                        0x08004350   Section        0  pin30_ctrl.o(i.pin30_ctrl_init)
    i.pin30_set_video_ctrl                   0x080043a0   Section        0  pin30_ctrl.o(i.pin30_set_video_ctrl)
    i.pwm_ctrl_init                          0x080043c8   Section        0  pwm_ctrl.o(i.pwm_ctrl_init)
    i.pwm_gpio_init                          0x080043d4   Section        0  pwm_ctrl.o(i.pwm_gpio_init)
    i.pwm_tim1_up_interrupt_handler          0x08004418   Section        0  pwm_ctrl.o(i.pwm_tim1_up_interrupt_handler)
    i.rssi_detect_callbacks                  0x08004448   Section        0  rssi_signal_ctrl.o(i.rssi_detect_callbacks)
    rssi_detect_callbacks                    0x08004449   Thumb Code   106  rssi_signal_ctrl.o(i.rssi_detect_callbacks)
    i.rssi_event_handle                      0x080044d0   Section        0  rssi_signal_ctrl.o(i.rssi_event_handle)
    rssi_event_handle                        0x080044d1   Thumb Code    16  rssi_signal_ctrl.o(i.rssi_event_handle)
    i.rssi_get_is_both_weak                  0x080044e0   Section        0  rssi_signal_ctrl.o(i.rssi_get_is_both_weak)
    i.rssi_signal_avg_calc                   0x08004500   Section        0  rssi_signal_ctrl.o(i.rssi_signal_avg_calc)
    rssi_signal_avg_calc                     0x08004501   Thumb Code   132  rssi_signal_ctrl.o(i.rssi_signal_avg_calc)
    i.rssi_signal_ctrl_init                  0x080045e8   Section        0  rssi_signal_ctrl.o(i.rssi_signal_ctrl_init)
    i.rssi_video_ctrl_deal                   0x08004608   Section        0  rssi_signal_ctrl.o(i.rssi_video_ctrl_deal)
    rssi_video_ctrl_deal                     0x08004609   Thumb Code    76  rssi_signal_ctrl.o(i.rssi_video_ctrl_deal)
    i.rssi_video_sw_ctrl_deal                0x08004688   Section        0  rssi_signal_ctrl.o(i.rssi_video_sw_ctrl_deal)
    rssi_video_sw_ctrl_deal                  0x08004689   Thumb Code   178  rssi_signal_ctrl.o(i.rssi_video_sw_ctrl_deal)
    i.scheduler_test                         0x08004784   Section        0  main.o(i.scheduler_test)
    i.systic_test                            0x080047c8   Section        0  main.o(i.systic_test)
    i.systick_1ms_cb_reg                     0x08004828   Section        0  systick.o(i.systick_1ms_cb_reg)
    i.systick_interrupt_callback             0x08004850   Section        0  systick.o(i.systick_interrupt_callback)
    .constdata                               0x08004878   Section       24  system_stm32f3xx.o(.constdata)
    .constdata                               0x08004890   Section       32  stm32f3xx_hal_rcc.o(.constdata)
    .data                                    0x20000000   Section        4  main.o(.data)
    main_run_count                           0x20000000   Data           4  main.o(.data)
    .data                                    0x20000004   Section        4  system_stm32f3xx.o(.data)
    .data                                    0x20000008   Section        9  stm32f3xx_hal.o(.data)
    .data                                    0x20000012   Section       22  rssi_signal_ctrl.o(.data)
    rssi_buff_lock                           0x20000012   Data           1  rssi_signal_ctrl.o(.data)
    rssi_lost_time                           0x20000013   Data           1  rssi_signal_ctrl.o(.data)
    rssi_buff_in                             0x20000014   Data           1  rssi_signal_ctrl.o(.data)
    rssi_rx_number                           0x20000015   Data           1  rssi_signal_ctrl.o(.data)
    rssi_top_buff                            0x20000016   Data           4  rssi_signal_ctrl.o(.data)
    rssi_bot_buff                            0x2000001a   Data           4  rssi_signal_ctrl.o(.data)
    rssi_status                              0x20000020   Data           8  rssi_signal_ctrl.o(.data)
    .data                                    0x20000028   Section        4  pin25_ctrl.o(.data)
    pin25_ms_count                           0x20000028   Data           2  pin25_ctrl.o(.data)
    pin25_ctrl_output                        0x2000002a   Data           2  pin25_ctrl.o(.data)
    .data                                    0x2000002c   Section       20  pwm_ctrl.o(.data)
    pwm_interrupt_cb                         0x2000002c   Data           4  pwm_ctrl.o(.data)
    pwm_cycle_ns                             0x20000030   Data           4  pwm_ctrl.o(.data)
    pwm_pin18_pulse_ns                       0x20000034   Data           4  pwm_ctrl.o(.data)
    pwm_pin19_pulse_ns                       0x20000038   Data           4  pwm_ctrl.o(.data)
    pwm_pin21_pulse_ns                       0x2000003c   Data           4  pwm_ctrl.o(.data)
    .data                                    0x20000040   Section       13  adc_rssi.o(.data)
    padc_value_change_cb                     0x20000040   Data           4  adc_rssi.o(.data)
    adc_add_sum                              0x20000044   Data           8  adc_rssi.o(.data)
    first_half                               0x2000004c   Data           1  adc_rssi.o(.data)
    .data                                    0x2000004e   Section        4  app_scheduler.o(.data)
    app_scheduler_write                      0x2000004e   Data           2  app_scheduler.o(.data)
    app_scheduler_read                       0x20000050   Data           2  app_scheduler.o(.data)
    .data                                    0x20000054   Section       24  tim.o(.data)
    m_time_base_cycle_count                  0x20000058   Data           4  tim.o(.data)
    m_cap_index                              0x2000005c   Data           2  tim.o(.data)
    capture_times                            0x2000005e   Data           1  tim.o(.data)
    delay_tick                               0x2000005f   Data           1  tim.o(.data)
    enable                                   0x20000060   Data           1  tim.o(.data)
    pre_time_tick                            0x20000064   Data           4  tim.o(.data)
    pre_time_tick                            0x20000068   Data           4  tim.o(.data)
    .data                                    0x2000006c   Section        4  stdout.o(.data)
    .bss                                     0x20000070   Section      128  debug.o(.bss)
    UartHandle                               0x20000070   Data         128  debug.o(.bss)
    .bss                                     0x200000f0   Section       12  systick.o(.bss)
    systick_cb_list                          0x200000f0   Data          12  systick.o(.bss)
    .bss                                     0x200000fc   Section       92  pwm_ctrl.o(.bss)
    TimHandle                                0x200000fc   Data          64  pwm_ctrl.o(.bss)
    sConfig                                  0x2000013c   Data          28  pwm_ctrl.o(.bss)
    .bss                                     0x20000158   Section      180  adc_rssi.o(.bss)
    AdcHandle                                0x20000158   Data          80  adc_rssi.o(.bss)
    DmaHandle                                0x200001a8   Data          68  adc_rssi.o(.bss)
    adc_dma_buff                             0x200001ec   Data          32  adc_rssi.o(.bss)
    .bss                                     0x2000020c   Section      588  app_scheduler.o(.bss)
    app_scheduler_msg                        0x2000020c   Data         588  app_scheduler.o(.bss)
    .bss                                     0x20000458   Section       48  comp.o(.bss)
    .bss                                     0x20000488   Section       20  dac.o(.bss)
    .bss                                     0x2000049c   Section      464  tim.o(.bss)
    STACK                                    0x20000670   Section     1024  startup_stm32f301x8.o(STACK)

    Global Symbols

    Symbol Name                              Value     Ov Type        Size  Object(Section)

    BuildAttributes$$THM_ISAv4$E$P$D$K$B$S$7EM$VFPi3$EXTD16$VFPS$VFMA$PE$A:L22UL41UL21$X:L11$S22US41US21$IEEE1$IW$USESV6$~STKCKD$USESV7$~SHL$OSPACE$ROPI$EBA8$MICROLIB$REQ8$PRES8$EABIv2 0x00000000   Number         0  anon$$obj.o ABSOLUTE
    __ARM_use_no_argv                        0x00000000   Number         0  main.o ABSOLUTE
    _printf_a                                0x00000000   Number         0  stubs.o ABSOLUTE
    _printf_c                                0x00000000   Number         0  stubs.o ABSOLUTE
    _printf_charcount                        0x00000000   Number         0  stubs.o ABSOLUTE
    _printf_d                                0x00000000   Number         0  stubs.o ABSOLUTE
    _printf_e                                0x00000000   Number         0  stubs.o ABSOLUTE
    _printf_f                                0x00000000   Number         0  stubs.o ABSOLUTE
    _printf_flags                            0x00000000   Number         0  stubs.o ABSOLUTE
    _printf_fp_dec                           0x00000000   Number         0  stubs.o ABSOLUTE
    _printf_fp_hex                           0x00000000   Number         0  stubs.o ABSOLUTE
    _printf_g                                0x00000000   Number         0  stubs.o ABSOLUTE
    _printf_i                                0x00000000   Number         0  stubs.o ABSOLUTE
    _printf_int_dec                          0x00000000   Number         0  stubs.o ABSOLUTE
    _printf_l                                0x00000000   Number         0  stubs.o ABSOLUTE
    _printf_lc                               0x00000000   Number         0  stubs.o ABSOLUTE
    _printf_ll                               0x00000000   Number         0  stubs.o ABSOLUTE
    _printf_lld                              0x00000000   Number         0  stubs.o ABSOLUTE
    _printf_lli                              0x00000000   Number         0  stubs.o ABSOLUTE
    _printf_llo                              0x00000000   Number         0  stubs.o ABSOLUTE
    _printf_llu                              0x00000000   Number         0  stubs.o ABSOLUTE
    _printf_llx                              0x00000000   Number         0  stubs.o ABSOLUTE
    _printf_longlong_dec                     0x00000000   Number         0  stubs.o ABSOLUTE
    _printf_longlong_hex                     0x00000000   Number         0  stubs.o ABSOLUTE
    _printf_longlong_oct                     0x00000000   Number         0  stubs.o ABSOLUTE
    _printf_ls                               0x00000000   Number         0  stubs.o ABSOLUTE
    _printf_mbtowc                           0x00000000   Number         0  stubs.o ABSOLUTE
    _printf_n                                0x00000000   Number         0  stubs.o ABSOLUTE
    _printf_o                                0x00000000   Number         0  stubs.o ABSOLUTE
    _printf_p                                0x00000000   Number         0  stubs.o ABSOLUTE
    _printf_percent                          0x00000000   Number         0  stubs.o ABSOLUTE
    _printf_pre_padding                      0x00000000   Number         0  stubs.o ABSOLUTE
    _printf_return_value                     0x00000000   Number         0  stubs.o ABSOLUTE
    _printf_s                                0x00000000   Number         0  stubs.o ABSOLUTE
    _printf_sizespec                         0x00000000   Number         0  stubs.o ABSOLUTE
    _printf_str                              0x00000000   Number         0  stubs.o ABSOLUTE
    _printf_truncate_signed                  0x00000000   Number         0  stubs.o ABSOLUTE
    _printf_truncate_unsigned                0x00000000   Number         0  stubs.o ABSOLUTE
    _printf_u                                0x00000000   Number         0  stubs.o ABSOLUTE
    _printf_wc                               0x00000000   Number         0  stubs.o ABSOLUTE
    _printf_wctomb                           0x00000000   Number         0  stubs.o ABSOLUTE
    _printf_widthprec                        0x00000000   Number         0  stubs.o ABSOLUTE
    _printf_x                                0x00000000   Number         0  stubs.o ABSOLUTE
    __cpp_initialize__aeabi_                  - Undefined Weak Reference
    __cxa_finalize                            - Undefined Weak Reference
    __decompress                              - Undefined Weak Reference
    _clock_init                               - Undefined Weak Reference
    _microlib_exit                            - Undefined Weak Reference
    __Vectors_Size                           0x00000188   Number         0  startup_stm32f301x8.o ABSOLUTE
    __Vectors                                0x08000000   Data           4  startup_stm32f301x8.o(RESET)
    __Vectors_End                            0x08000188   Data           0  startup_stm32f301x8.o(RESET)
    __main                                   0x08000189   Thumb Code     0  entry.o(.ARM.Collect$$$$00000000)
    _main_stk                                0x08000189   Thumb Code     0  entry2.o(.ARM.Collect$$$$00000001)
    _main_scatterload                        0x0800018d   Thumb Code     0  entry5.o(.ARM.Collect$$$$00000004)
    __main_after_scatterload                 0x08000191   Thumb Code     0  entry5.o(.ARM.Collect$$$$00000004)
    _main_clock                              0x08000191   Thumb Code     0  entry7b.o(.ARM.Collect$$$$00000008)
    _main_cpp_init                           0x08000191   Thumb Code     0  entry8b.o(.ARM.Collect$$$$0000000A)
    _main_init                               0x08000191   Thumb Code     0  entry9a.o(.ARM.Collect$$$$0000000B)
    __rt_final_cpp                           0x08000199   Thumb Code     0  entry10a.o(.ARM.Collect$$$$0000000D)
    __rt_final_exit                          0x08000199   Thumb Code     0  entry11a.o(.ARM.Collect$$$$0000000F)
    Reset_Handler                            0x0800019d   Thumb Code     8  startup_stm32f301x8.o(.text)
    ADC1_IRQHandler                          0x080001b7   Thumb Code     0  startup_stm32f301x8.o(.text)
    COMP2_IRQHandler                         0x080001b7   Thumb Code     0  startup_stm32f301x8.o(.text)
    COMP4_6_IRQHandler                       0x080001b7   Thumb Code     0  startup_stm32f301x8.o(.text)
    DMA1_Channel2_IRQHandler                 0x080001b7   Thumb Code     0  startup_stm32f301x8.o(.text)
    DMA1_Channel3_IRQHandler                 0x080001b7   Thumb Code     0  startup_stm32f301x8.o(.text)
    DMA1_Channel4_IRQHandler                 0x080001b7   Thumb Code     0  startup_stm32f301x8.o(.text)
    DMA1_Channel5_IRQHandler                 0x080001b7   Thumb Code     0  startup_stm32f301x8.o(.text)
    DMA1_Channel6_IRQHandler                 0x080001b7   Thumb Code     0  startup_stm32f301x8.o(.text)
    DMA1_Channel7_IRQHandler                 0x080001b7   Thumb Code     0  startup_stm32f301x8.o(.text)
    EXTI1_IRQHandler                         0x080001b7   Thumb Code     0  startup_stm32f301x8.o(.text)
    EXTI2_TSC_IRQHandler                     0x080001b7   Thumb Code     0  startup_stm32f301x8.o(.text)
    EXTI3_IRQHandler                         0x080001b7   Thumb Code     0  startup_stm32f301x8.o(.text)
    EXTI4_IRQHandler                         0x080001b7   Thumb Code     0  startup_stm32f301x8.o(.text)
    EXTI9_5_IRQHandler                       0x080001b7   Thumb Code     0  startup_stm32f301x8.o(.text)
    FLASH_IRQHandler                         0x080001b7   Thumb Code     0  startup_stm32f301x8.o(.text)
    FPU_IRQHandler                           0x080001b7   Thumb Code     0  startup_stm32f301x8.o(.text)
    I2C1_ER_IRQHandler                       0x080001b7   Thumb Code     0  startup_stm32f301x8.o(.text)
    I2C1_EV_IRQHandler                       0x080001b7   Thumb Code     0  startup_stm32f301x8.o(.text)
    I2C2_ER_IRQHandler                       0x080001b7   Thumb Code     0  startup_stm32f301x8.o(.text)
    I2C2_EV_IRQHandler                       0x080001b7   Thumb Code     0  startup_stm32f301x8.o(.text)
    I2C3_ER_IRQHandler                       0x080001b7   Thumb Code     0  startup_stm32f301x8.o(.text)
    I2C3_EV_IRQHandler                       0x080001b7   Thumb Code     0  startup_stm32f301x8.o(.text)
    PVD_IRQHandler                           0x080001b7   Thumb Code     0  startup_stm32f301x8.o(.text)
    RCC_IRQHandler                           0x080001b7   Thumb Code     0  startup_stm32f301x8.o(.text)
    RTC_Alarm_IRQHandler                     0x080001b7   Thumb Code     0  startup_stm32f301x8.o(.text)
    RTC_WKUP_IRQHandler                      0x080001b7   Thumb Code     0  startup_stm32f301x8.o(.text)
    SPI2_IRQHandler                          0x080001b7   Thumb Code     0  startup_stm32f301x8.o(.text)
    SPI3_IRQHandler                          0x080001b7   Thumb Code     0  startup_stm32f301x8.o(.text)
    TAMP_STAMP_IRQHandler                    0x080001b7   Thumb Code     0  startup_stm32f301x8.o(.text)
    TIM1_BRK_TIM15_IRQHandler                0x080001b7   Thumb Code     0  startup_stm32f301x8.o(.text)
    TIM1_CC_IRQHandler                       0x080001b7   Thumb Code     0  startup_stm32f301x8.o(.text)
    TIM1_TRG_COM_TIM17_IRQHandler            0x080001b7   Thumb Code     0  startup_stm32f301x8.o(.text)
    TIM6_DAC_IRQHandler                      0x080001b7   Thumb Code     0  startup_stm32f301x8.o(.text)
    USART1_IRQHandler                        0x080001b7   Thumb Code     0  startup_stm32f301x8.o(.text)
    USART2_IRQHandler                        0x080001b7   Thumb Code     0  startup_stm32f301x8.o(.text)
    USART3_IRQHandler                        0x080001b7   Thumb Code     0  startup_stm32f301x8.o(.text)
    WWDG_IRQHandler                          0x080001b7   Thumb Code     0  startup_stm32f301x8.o(.text)
    __aeabi_uldivmod                         0x080001c1   Thumb Code    98  uldiv.o(.text)
    __aeabi_memcpy                           0x08000223   Thumb Code    36  memcpya.o(.text)
    __aeabi_memcpy4                          0x08000223   Thumb Code     0  memcpya.o(.text)
    __aeabi_memcpy8                          0x08000223   Thumb Code     0  memcpya.o(.text)
    __aeabi_memset                           0x08000247   Thumb Code    14  memseta.o(.text)
    __aeabi_memset4                          0x08000247   Thumb Code     0  memseta.o(.text)
    __aeabi_memset8                          0x08000247   Thumb Code     0  memseta.o(.text)
    __aeabi_memclr                           0x08000255   Thumb Code     4  memseta.o(.text)
    __aeabi_memclr4                          0x08000255   Thumb Code     0  memseta.o(.text)
    __aeabi_memclr8                          0x08000255   Thumb Code     0  memseta.o(.text)
    _memset$wrapper                          0x08000259   Thumb Code    18  memseta.o(.text)
    __aeabi_uidiv                            0x0800026b   Thumb Code     0  uidiv.o(.text)
    __aeabi_uidivmod                         0x0800026b   Thumb Code    44  uidiv.o(.text)
    __aeabi_llsl                             0x08000297   Thumb Code    30  llshl.o(.text)
    _ll_shift_l                              0x08000297   Thumb Code     0  llshl.o(.text)
    __aeabi_llsr                             0x080002b5   Thumb Code    32  llushr.o(.text)
    _ll_ushift_r                             0x080002b5   Thumb Code     0  llushr.o(.text)
    __scatterload                            0x080002d5   Thumb Code    28  init.o(.text)
    __scatterload_rt2                        0x080002d5   Thumb Code     0  init.o(.text)
    BusFault_Handler                         0x080005a9   Thumb Code     4  stm32f3xx_it.o(i.BusFault_Handler)
    DMA1_Channel1_IRQHandler                 0x080005ad   Thumb Code     8  stm32f3xx_it.o(i.DMA1_Channel1_IRQHandler)
    DebugMon_Handler                         0x080005fd   Thumb Code     2  stm32f3xx_it.o(i.DebugMon_Handler)
    EXTI0_IRQHandler                         0x080005ff   Thumb Code     2  stm32f3xx_it.o(i.EXTI0_IRQHandler)
    EXTI15_10_IRQHandler                     0x08000601   Thumb Code    32  stm32f3xx_it.o(i.EXTI15_10_IRQHandler)
    Error_Handler                            0x08000625   Thumb Code     2  main.o(i.Error_Handler)
    HAL_ADCEx_Calibration_Start              0x08000627   Thumb Code   172  stm32f3xx_hal_adc_ex.o(i.HAL_ADCEx_Calibration_Start)
    HAL_ADC_ConfigChannel                    0x080006d5   Thumb Code  1012  stm32f3xx_hal_adc_ex.o(i.HAL_ADC_ConfigChannel)
    HAL_ADC_ConvCpltCallback                 0x08000ad9   Thumb Code     2  stm32f3xx_hal_adc.o(i.HAL_ADC_ConvCpltCallback)
    HAL_ADC_ConvHalfCpltCallback             0x08000adb   Thumb Code     2  stm32f3xx_hal_adc.o(i.HAL_ADC_ConvHalfCpltCallback)
    HAL_ADC_DeInit                           0x08000add   Thumb Code   460  stm32f3xx_hal_adc_ex.o(i.HAL_ADC_DeInit)
    HAL_ADC_ErrorCallback                    0x08000cc5   Thumb Code     2  stm32f3xx_hal_adc.o(i.HAL_ADC_ErrorCallback)
    HAL_ADC_Init                             0x08000cc9   Thumb Code   562  stm32f3xx_hal_adc_ex.o(i.HAL_ADC_Init)
    HAL_ADC_MspDeInit                        0x08000f0d   Thumb Code     2  stm32f3xx_hal_adc.o(i.HAL_ADC_MspDeInit)
    HAL_ADC_MspInit                          0x08000f0f   Thumb Code     2  stm32f3xx_hal_adc.o(i.HAL_ADC_MspInit)
    HAL_ADC_Start_DMA                        0x08000f11   Thumb Code   234  stm32f3xx_hal_adc_ex.o(i.HAL_ADC_Start_DMA)
    HAL_ADC_Stop_DMA                         0x08001009   Thumb Code   128  stm32f3xx_hal_adc_ex.o(i.HAL_ADC_Stop_DMA)
    HAL_COMP_Init                            0x08001089   Thumb Code   196  stm32f3xx_hal_comp.o(i.HAL_COMP_Init)
    HAL_COMP_MspInit                         0x08001151   Thumb Code   106  comp.o(i.HAL_COMP_MspInit)
    HAL_COMP_Start                           0x080011c5   Thumb Code   316  stm32f3xx_hal_comp.o(i.HAL_COMP_Start)
    HAL_DAC_ConfigChannel                    0x08001309   Thumb Code    90  stm32f3xx_hal_dac_ex.o(i.HAL_DAC_ConfigChannel)
    HAL_DAC_Init                             0x08001363   Thumb Code    40  stm32f3xx_hal_dac.o(i.HAL_DAC_Init)
    HAL_DAC_MspInit                          0x0800138d   Thumb Code   102  dac.o(i.HAL_DAC_MspInit)
    HAL_DAC_SetValue                         0x080013fd   Thumb Code    32  stm32f3xx_hal_dac_ex.o(i.HAL_DAC_SetValue)
    HAL_DAC_Start                            0x0800141d   Thumb Code    78  stm32f3xx_hal_dac_ex.o(i.HAL_DAC_Start)
    HAL_DMA_Abort                            0x0800146b   Thumb Code    84  stm32f3xx_hal_dma.o(i.HAL_DMA_Abort)
    HAL_DMA_DeInit                           0x080014bf   Thumb Code    86  stm32f3xx_hal_dma.o(i.HAL_DMA_DeInit)
    HAL_DMA_Init                             0x08001515   Thumb Code    86  stm32f3xx_hal_dma.o(i.HAL_DMA_Init)
    HAL_DMA_Start_IT                         0x0800156b   Thumb Code   156  stm32f3xx_hal_dma.o(i.HAL_DMA_Start_IT)
    HAL_GPIO_Init                            0x08001609   Thumb Code   418  stm32f3xx_hal_gpio.o(i.HAL_GPIO_Init)
    HAL_GPIO_ReadPin                         0x080017c5   Thumb Code    16  stm32f3xx_hal_gpio.o(i.HAL_GPIO_ReadPin)
    HAL_GPIO_TogglePin                       0x080017d5   Thumb Code    16  stm32f3xx_hal_gpio.o(i.HAL_GPIO_TogglePin)
    HAL_GPIO_WritePin                        0x080017e5   Thumb Code    10  stm32f3xx_hal_gpio.o(i.HAL_GPIO_WritePin)
    HAL_GetTick                              0x080017f1   Thumb Code     6  stm32f3xx_hal.o(i.HAL_GetTick)
    HAL_Init                                 0x080017fd   Thumb Code    34  stm32f3xx_hal.o(i.HAL_Init)
    HAL_InitTick                             0x08001825   Thumb Code    64  stm32f3xx_hal.o(i.HAL_InitTick)
    HAL_MspInit                              0x08001871   Thumb Code     2  stm32f3xx_hal.o(i.HAL_MspInit)
    HAL_NVIC_EnableIRQ                       0x08001873   Thumb Code    32  stm32f3xx_hal_cortex.o(i.HAL_NVIC_EnableIRQ)
    HAL_NVIC_SetPriority                     0x08001893   Thumb Code   124  stm32f3xx_hal_cortex.o(i.HAL_NVIC_SetPriority)
    HAL_NVIC_SetPriorityGrouping             0x08001911   Thumb Code    32  stm32f3xx_hal_cortex.o(i.HAL_NVIC_SetPriorityGrouping)
    HAL_RCC_ClockConfig                      0x08001939   Thumb Code   664  stm32f3xx_hal_rcc.o(i.HAL_RCC_ClockConfig)
    HAL_RCC_GetHCLKFreq                      0x08001be5   Thumb Code     6  stm32f3xx_hal_rcc.o(i.HAL_RCC_GetHCLKFreq)
    HAL_RCC_GetPCLK1Freq                     0x08001bf1   Thumb Code    36  stm32f3xx_hal_rcc.o(i.HAL_RCC_GetPCLK1Freq)
    HAL_RCC_GetPCLK2Freq                     0x08001c1d   Thumb Code    36  stm32f3xx_hal_rcc.o(i.HAL_RCC_GetPCLK2Freq)
    HAL_RCC_GetSysClockFreq                  0x08001c49   Thumb Code   138  stm32f3xx_hal_rcc.o(i.HAL_RCC_GetSysClockFreq)
    HAL_RCC_OscConfig                        0x08001ced   Thumb Code  2586  stm32f3xx_hal_rcc.o(i.HAL_RCC_OscConfig)
    HAL_SYSTICK_Config                       0x08002711   Thumb Code    52  stm32f3xx_hal_cortex.o(i.HAL_SYSTICK_Config)
    HAL_TIMEx_Break2Callback                 0x08002745   Thumb Code     2  stm32f3xx_hal_tim_ex.o(i.HAL_TIMEx_Break2Callback)
    HAL_TIMEx_BreakCallback                  0x08002747   Thumb Code     2  stm32f3xx_hal_tim_ex.o(i.HAL_TIMEx_BreakCallback)
    HAL_TIMEx_CommutCallback                 0x08002749   Thumb Code     2  stm32f3xx_hal_tim_ex.o(i.HAL_TIMEx_CommutCallback)
    HAL_TIMEx_MasterConfigSynchronization    0x0800274d   Thumb Code   126  stm32f3xx_hal_tim_ex.o(i.HAL_TIMEx_MasterConfigSynchronization)
    HAL_TIM_Base_Init                        0x080027d5   Thumb Code    52  stm32f3xx_hal_tim.o(i.HAL_TIM_Base_Init)
    HAL_TIM_Base_MspInit                     0x08002809   Thumb Code   126  tim.o(i.HAL_TIM_Base_MspInit)
    HAL_TIM_Base_Start_IT                    0x0800288d   Thumb Code    50  stm32f3xx_hal_tim.o(i.HAL_TIM_Base_Start_IT)
    HAL_TIM_ConfigClockSource                0x080028c5   Thumb Code   264  stm32f3xx_hal_tim.o(i.HAL_TIM_ConfigClockSource)
    HAL_TIM_IC_CaptureCallback               0x080029d1   Thumb Code    58  tim.o(i.HAL_TIM_IC_CaptureCallback)
    HAL_TIM_IC_ConfigChannel                 0x08002a19   Thumb Code   224  stm32f3xx_hal_tim.o(i.HAL_TIM_IC_ConfigChannel)
    HAL_TIM_IC_Init                          0x08002af9   Thumb Code    52  stm32f3xx_hal_tim.o(i.HAL_TIM_IC_Init)
    HAL_TIM_IC_MspInit                       0x08002b2d   Thumb Code     2  stm32f3xx_hal_tim.o(i.HAL_TIM_IC_MspInit)
    HAL_TIM_IC_Start                         0x08002b31   Thumb Code    52  stm32f3xx_hal_tim.o(i.HAL_TIM_IC_Start)
    HAL_TIM_IC_Start_IT                      0x08002b69   Thumb Code   128  stm32f3xx_hal_tim.o(i.HAL_TIM_IC_Start_IT)
    HAL_TIM_IRQHandler                       0x08002bed   Thumb Code   440  stm32f3xx_hal_tim.o(i.HAL_TIM_IRQHandler)
    HAL_TIM_OC_DelayElapsedCallback          0x08002da5   Thumb Code     2  stm32f3xx_hal_tim.o(i.HAL_TIM_OC_DelayElapsedCallback)
    HAL_TIM_PWM_PulseFinishedCallback        0x08002da7   Thumb Code     2  stm32f3xx_hal_tim.o(i.HAL_TIM_PWM_PulseFinishedCallback)
    HAL_TIM_PeriodElapsedCallback            0x08002da9   Thumb Code    12  tim.o(i.HAL_TIM_PeriodElapsedCallback)
    HAL_TIM_TriggerCallback                  0x08002db9   Thumb Code     2  stm32f3xx_hal_tim.o(i.HAL_TIM_TriggerCallback)
    HAL_UART_DeInit                          0x08002dbb   Thumb Code    66  stm32f3xx_hal_uart.o(i.HAL_UART_DeInit)
    HAL_UART_Init                            0x08002dfd   Thumb Code   116  stm32f3xx_hal_uart.o(i.HAL_UART_Init)
    HAL_UART_MspDeInit                       0x08002e71   Thumb Code     2  stm32f3xx_hal_uart.o(i.HAL_UART_MspDeInit)
    HAL_UART_MspInit                         0x08002e73   Thumb Code     2  stm32f3xx_hal_uart.o(i.HAL_UART_MspInit)
    HardFault_Handler                        0x08002e75   Thumb Code     4  stm32f3xx_it.o(i.HardFault_Handler)
    MX_COMP2_Init                            0x08002e79   Thumb Code    52  comp.o(i.MX_COMP2_Init)
    MX_DAC_Init                              0x08002eb5   Thumb Code    74  dac.o(i.MX_DAC_Init)
    MX_TIM2_Init                             0x08002f09   Thumb Code   178  tim.o(i.MX_TIM2_Init)
    MemManage_Handler                        0x08002fc1   Thumb Code     4  stm32f3xx_it.o(i.MemManage_Handler)
    NMI_Handler                              0x08002fc5   Thumb Code     2  stm32f3xx_it.o(i.NMI_Handler)
    PendSV_Handler                           0x08002fc7   Thumb Code     2  stm32f3xx_it.o(i.PendSV_Handler)
    SVC_Handler                              0x08002fc9   Thumb Code     2  stm32f3xx_it.o(i.SVC_Handler)
    SysTick_Handler                          0x08002fcb   Thumb Code     8  stm32f3xx_it.o(i.SysTick_Handler)
    SystemClock_Config                       0x08002fd3   Thumb Code    80  main.o(i.SystemClock_Config)
    SystemInit                               0x08003025   Thumb Code   104  system_stm32f3xx.o(i.SystemInit)
    TIM1_UP_TIM16_IRQHandler                 0x080030a1   Thumb Code     8  stm32f3xx_it.o(i.TIM1_UP_TIM16_IRQHandler)
    TIM2_IRQHandler                          0x080030a9   Thumb Code    10  stm32f3xx_it.o(i.TIM2_IRQHandler)
    TIM_Base_SetConfig                       0x080030b9   Thumb Code   116  stm32f3xx_hal_tim.o(i.TIM_Base_SetConfig)
    TIM_CCxChannelCmd                        0x0800313d   Thumb Code    34  stm32f3xx_hal_tim.o(i.TIM_CCxChannelCmd)
    TIM_ETR_SetConfig                        0x0800315f   Thumb Code    22  stm32f3xx_hal_tim.o(i.TIM_ETR_SetConfig)
    TIM_TI1_SetConfig                        0x080031ad   Thumb Code    84  stm32f3xx_hal_tim.o(i.TIM_TI1_SetConfig)
    UART_AdvFeatureConfig                    0x080032df   Thumb Code   248  stm32f3xx_hal_uart.o(i.UART_AdvFeatureConfig)
    UART_CheckIdleState                      0x080033d7   Thumb Code   110  stm32f3xx_hal_uart.o(i.UART_CheckIdleState)
    UART_SetConfig                           0x08003445   Thumb Code   508  stm32f3xx_hal_uart.o(i.UART_SetConfig)
    UART_WaitOnFlagUntilTimeout              0x0800365d   Thumb Code   180  stm32f3xx_hal_uart.o(i.UART_WaitOnFlagUntilTimeout)
    UsageFault_Handler                       0x08003711   Thumb Code     4  stm32f3xx_it.o(i.UsageFault_Handler)
    __0printf$3                              0x08003715   Thumb Code    22  printf3.o(i.__0printf$3)
    __1printf$3                              0x08003715   Thumb Code     0  printf3.o(i.__0printf$3)
    __2printf                                0x08003715   Thumb Code     0  printf3.o(i.__0printf$3)
    __scatterload_copy                       0x0800376d   Thumb Code    14  handlers.o(i.__scatterload_copy)
    __scatterload_null                       0x0800377b   Thumb Code     2  handlers.o(i.__scatterload_null)
    __scatterload_zeroinit                   0x0800377d   Thumb Code    14  handlers.o(i.__scatterload_zeroinit)
    adc_dma_isr_cb                           0x08003945   Thumb Code    38  adc_rssi.o(i.adc_dma_isr_cb)
    adc_init                                 0x08003979   Thumb Code   384  adc_rssi.o(i.adc_init)
    adc_value_change_reg                     0x08003b29   Thumb Code     6  adc_rssi.o(i.adc_value_change_reg)
    app_scheduler_exe                        0x08003bd9   Thumb Code    26  app_scheduler.o(i.app_scheduler_exe)
    app_scheduler_get                        0x08003bf5   Thumb Code    64  app_scheduler.o(i.app_scheduler_get)
    app_scheduler_init                       0x08003c41   Thumb Code     4  app_scheduler.o(i.app_scheduler_init)
    app_scheduler_put                        0x08003c59   Thumb Code   188  app_scheduler.o(i.app_scheduler_put)
    debug_init                               0x08003e9d   Thumb Code   104  debug.o(i.debug_init)
    fputc                                    0x08003f59   Thumb Code    24  debug.o(i.fputc)
    main                                     0x08003f75   Thumb Code   112  main.o(i.main)
    pin12_ctrl_init                          0x08004061   Thumb Code    74  pin12_ctrl.o(i.pin12_ctrl_init)
    pin12_set_video_ctrl                     0x080040b1   Thumb Code    40  pin12_ctrl.o(i.pin12_set_video_ctrl)
    pin22_ctrl_init                          0x080040d9   Thumb Code    74  pin22_ctrl.o(i.pin22_ctrl_init)
    pin22_output_ctrl                        0x0800412d   Thumb Code    20  pin22_ctrl.o(i.pin22_output_ctrl)
    pin24_ctrl_init                          0x08004141   Thumb Code    76  pin24_ctrl.o(i.pin24_ctrl_init)
    pin24_output_ctrl                        0x08004195   Thumb Code    20  pin24_ctrl.o(i.pin24_output_ctrl)
    pin25_ctrl_init                          0x080041e9   Thumb Code    88  pin25_ctrl.o(i.pin25_ctrl_init)
    pin25_exti15_interrupt_handler           0x0800424d   Thumb Code    88  pin25_ctrl.o(i.pin25_exti15_interrupt_handler)
    pin27_ctrl_init                          0x08004301   Thumb Code    70  pin27_ctrl.o(i.pin27_ctrl_init)
    pin30_ctrl_init                          0x08004351   Thumb Code    70  pin30_ctrl.o(i.pin30_ctrl_init)
    pin30_set_video_ctrl                     0x080043a1   Thumb Code    36  pin30_ctrl.o(i.pin30_set_video_ctrl)
    pwm_ctrl_init                            0x080043c9   Thumb Code    10  pwm_ctrl.o(i.pwm_ctrl_init)
    pwm_gpio_init                            0x080043d5   Thumb Code    64  pwm_ctrl.o(i.pwm_gpio_init)
    pwm_tim1_up_interrupt_handler            0x08004419   Thumb Code    40  pwm_ctrl.o(i.pwm_tim1_up_interrupt_handler)
    rssi_get_is_both_weak                    0x080044e1   Thumb Code    28  rssi_signal_ctrl.o(i.rssi_get_is_both_weak)
    rssi_signal_ctrl_init                    0x080045e9   Thumb Code    22  rssi_signal_ctrl.o(i.rssi_signal_ctrl_init)
    scheduler_test                           0x08004785   Thumb Code    22  main.o(i.scheduler_test)
    systic_test                              0x080047c9   Thumb Code    84  main.o(i.systic_test)
    systick_1ms_cb_reg                       0x08004829   Thumb Code    36  systick.o(i.systick_1ms_cb_reg)
    systick_interrupt_callback               0x08004851   Thumb Code    34  systick.o(i.systick_interrupt_callback)
    AHBPrescTable                            0x08004878   Data          16  system_stm32f3xx.o(.constdata)
    APBPrescTable                            0x08004888   Data           8  system_stm32f3xx.o(.constdata)
    aPLLMULFactorTable                       0x08004890   Data          16  stm32f3xx_hal_rcc.o(.constdata)
    aPredivFactorTable                       0x080048a0   Data          16  stm32f3xx_hal_rcc.o(.constdata)
    Region$$Table$$Base                      0x080048b0   Number         0  anon$$obj.o(Region$$Table)
    Region$$Table$$Limit                     0x080048d0   Number         0  anon$$obj.o(Region$$Table)
    SystemCoreClock                          0x20000004   Data           4  system_stm32f3xx.o(.data)
    uwTick                                   0x20000008   Data           4  stm32f3xx_hal.o(.data)
    uwTickPrio                               0x2000000c   Data           4  stm32f3xx_hal.o(.data)
    uwTickFreq                               0x20000010   Data           1  stm32f3xx_hal.o(.data)
    rssi_pin30_status                        0x2000001e   Data           1  rssi_signal_ctrl.o(.data)
    rssi_pin12_status                        0x2000001f   Data           1  rssi_signal_ctrl.o(.data)
    m_capture_fied_cycle_evt_handler         0x20000054   Data           4  tim.o(.data)
    __stdout                                 0x2000006c   Data           4  stdout.o(.data)
    hcomp2                                   0x20000458   Data          48  comp.o(.bss)
    hdac                                     0x20000488   Data          20  dac.o(.bss)
    htim2                                    0x2000049c   Data          64  tim.o(.bss)
    g_cap_value                              0x200004dc   Data         400  tim.o(.bss)
    __initial_sp                             0x20000a70   Data           0  startup_stm32f301x8.o(STACK)



==============================================================================

Memory Map of the image

  Image Entry point : 0x08000189

  Load Region LR_IROM1 (Base: 0x08000000, Size: 0x00004940, Max: 0x00010000, ABSOLUTE)

    Execution Region ER_IROM1 (Exec base: 0x08000000, Load base: 0x08000000, Size: 0x000048d0, Max: 0x00010000, ABSOLUTE)

    Exec Addr    Load Addr    Size         Type   Attr      Idx    E Section Name        Object

    0x08000000   0x08000000   0x00000188   Data   RO          381    RESET               startup_stm32f301x8.o
    0x08000188   0x08000188   0x00000000   Code   RO         4082  * .ARM.Collect$$$$00000000  mc_w.l(entry.o)
    0x08000188   0x08000188   0x00000004   Code   RO         4354    .ARM.Collect$$$$00000001  mc_w.l(entry2.o)
    0x0800018c   0x0800018c   0x00000004   Code   RO         4357    .ARM.Collect$$$$00000004  mc_w.l(entry5.o)
    0x08000190   0x08000190   0x00000000   Code   RO         4359    .ARM.Collect$$$$00000008  mc_w.l(entry7b.o)
    0x08000190   0x08000190   0x00000000   Code   RO         4361    .ARM.Collect$$$$0000000A  mc_w.l(entry8b.o)
    0x08000190   0x08000190   0x00000008   Code   RO         4362    .ARM.Collect$$$$0000000B  mc_w.l(entry9a.o)
    0x08000198   0x08000198   0x00000000   Code   RO         4364    .ARM.Collect$$$$0000000D  mc_w.l(entry10a.o)
    0x08000198   0x08000198   0x00000000   Code   RO         4366    .ARM.Collect$$$$0000000F  mc_w.l(entry11a.o)
    0x08000198   0x08000198   0x00000004   Code   RO         4355    .ARM.Collect$$$$00002712  mc_w.l(entry2.o)
    0x0800019c   0x0800019c   0x00000024   Code   RO          382    .text               startup_stm32f301x8.o
    0x080001c0   0x080001c0   0x00000062   Code   RO         4085    .text               mc_w.l(uldiv.o)
    0x08000222   0x08000222   0x00000024   Code   RO         4087    .text               mc_w.l(memcpya.o)
    0x08000246   0x08000246   0x00000024   Code   RO         4089    .text               mc_w.l(memseta.o)
    0x0800026a   0x0800026a   0x0000002c   Code   RO         4369    .text               mc_w.l(uidiv.o)
    0x08000296   0x08000296   0x0000001e   Code   RO         4371    .text               mc_w.l(llshl.o)
    0x080002b4   0x080002b4   0x00000020   Code   RO         4373    .text               mc_w.l(llushr.o)
    0x080002d4   0x080002d4   0x00000024   Code   RO         4386    .text               mc_w.l(init.o)
    0x080002f8   0x080002f8   0x0000010c   Code   RO         2109    i.ADC_ConversionStop  stm32f3xx_hal_adc_ex.o
    0x08000404   0x08000404   0x0000004e   Code   RO         2110    i.ADC_DMAConvCplt   stm32f3xx_hal_adc_ex.o
    0x08000452   0x08000452   0x0000001e   Code   RO         2111    i.ADC_DMAError      stm32f3xx_hal_adc_ex.o
    0x08000470   0x08000470   0x0000000e   Code   RO         2112    i.ADC_DMAHalfConvCplt  stm32f3xx_hal_adc_ex.o
    0x0800047e   0x0800047e   0x00000098   Code   RO         2113    i.ADC_Disable       stm32f3xx_hal_adc_ex.o
    0x08000516   0x08000516   0x00000002   PAD
    0x08000518   0x08000518   0x00000090   Code   RO         2114    i.ADC_Enable        stm32f3xx_hal_adc_ex.o
    0x080005a8   0x080005a8   0x00000004   Code   RO          231    i.BusFault_Handler  stm32f3xx_it.o
    0x080005ac   0x080005ac   0x00000008   Code   RO          232    i.DMA1_Channel1_IRQHandler  stm32f3xx_it.o
    0x080005b4   0x080005b4   0x0000001c   Code   RO          751    i.DMA_CalcBaseAndBitshift  stm32f3xx_hal_dma.o
    0x080005d0   0x080005d0   0x0000002c   Code   RO          752    i.DMA_SetConfig     stm32f3xx_hal_dma.o
    0x080005fc   0x080005fc   0x00000002   Code   RO          233    i.DebugMon_Handler  stm32f3xx_it.o
    0x080005fe   0x080005fe   0x00000002   Code   RO          234    i.EXTI0_IRQHandler  stm32f3xx_it.o
    0x08000600   0x08000600   0x00000024   Code   RO          235    i.EXTI15_10_IRQHandler  stm32f3xx_it.o
    0x08000624   0x08000624   0x00000002   Code   RO            4    i.Error_Handler     main.o
    0x08000626   0x08000626   0x000000ac   Code   RO         2117    i.HAL_ADCEx_Calibration_Start  stm32f3xx_hal_adc_ex.o
    0x080006d2   0x080006d2   0x00000002   PAD
    0x080006d4   0x080006d4   0x00000404   Code   RO         2133    i.HAL_ADC_ConfigChannel  stm32f3xx_hal_adc_ex.o
    0x08000ad8   0x08000ad8   0x00000002   Code   RO         1961    i.HAL_ADC_ConvCpltCallback  stm32f3xx_hal_adc.o
    0x08000ada   0x08000ada   0x00000002   Code   RO         1962    i.HAL_ADC_ConvHalfCpltCallback  stm32f3xx_hal_adc.o
    0x08000adc   0x08000adc   0x000001e8   Code   RO         2134    i.HAL_ADC_DeInit    stm32f3xx_hal_adc_ex.o
    0x08000cc4   0x08000cc4   0x00000002   Code   RO         1964    i.HAL_ADC_ErrorCallback  stm32f3xx_hal_adc.o
    0x08000cc6   0x08000cc6   0x00000002   PAD
    0x08000cc8   0x08000cc8   0x00000244   Code   RO         2137    i.HAL_ADC_Init      stm32f3xx_hal_adc_ex.o
    0x08000f0c   0x08000f0c   0x00000002   Code   RO         1971    i.HAL_ADC_MspDeInit  stm32f3xx_hal_adc.o
    0x08000f0e   0x08000f0e   0x00000002   Code   RO         1972    i.HAL_ADC_MspInit   stm32f3xx_hal_adc.o
    0x08000f10   0x08000f10   0x000000f8   Code   RO         2141    i.HAL_ADC_Start_DMA  stm32f3xx_hal_adc_ex.o
    0x08001008   0x08001008   0x00000080   Code   RO         2144    i.HAL_ADC_Stop_DMA  stm32f3xx_hal_adc_ex.o
    0x08001088   0x08001088   0x000000c8   Code   RO         3075    i.HAL_COMP_Init     stm32f3xx_hal_comp.o
    0x08001150   0x08001150   0x00000074   Code   RO         3924    i.HAL_COMP_MspInit  comp.o
    0x080011c4   0x080011c4   0x00000144   Code   RO         3079    i.HAL_COMP_Start    stm32f3xx_hal_comp.o
    0x08001308   0x08001308   0x0000005a   Code   RO         3304    i.HAL_DAC_ConfigChannel  stm32f3xx_hal_dac_ex.o
    0x08001362   0x08001362   0x00000028   Code   RO         3183    i.HAL_DAC_Init      stm32f3xx_hal_dac.o
    0x0800138a   0x0800138a   0x00000002   PAD
    0x0800138c   0x0800138c   0x00000070   Code   RO         3966    i.HAL_DAC_MspInit   dac.o
    0x080013fc   0x080013fc   0x00000020   Code   RO         3307    i.HAL_DAC_SetValue  stm32f3xx_hal_dac_ex.o
    0x0800141c   0x0800141c   0x0000004e   Code   RO         3308    i.HAL_DAC_Start     stm32f3xx_hal_dac_ex.o
    0x0800146a   0x0800146a   0x00000054   Code   RO          753    i.HAL_DMA_Abort     stm32f3xx_hal_dma.o
    0x080014be   0x080014be   0x00000056   Code   RO          755    i.HAL_DMA_DeInit    stm32f3xx_hal_dma.o
    0x08001514   0x08001514   0x00000056   Code   RO          759    i.HAL_DMA_Init      stm32f3xx_hal_dma.o
    0x0800156a   0x0800156a   0x0000009c   Code   RO          763    i.HAL_DMA_Start_IT  stm32f3xx_hal_dma.o
    0x08001606   0x08001606   0x00000002   PAD
    0x08001608   0x08001608   0x000001bc   Code   RO          392    i.HAL_GPIO_Init     stm32f3xx_hal_gpio.o
    0x080017c4   0x080017c4   0x00000010   Code   RO          394    i.HAL_GPIO_ReadPin  stm32f3xx_hal_gpio.o
    0x080017d4   0x080017d4   0x00000010   Code   RO          395    i.HAL_GPIO_TogglePin  stm32f3xx_hal_gpio.o
    0x080017e4   0x080017e4   0x0000000a   Code   RO          396    i.HAL_GPIO_WritePin  stm32f3xx_hal_gpio.o
    0x080017ee   0x080017ee   0x00000002   PAD
    0x080017f0   0x080017f0   0x0000000c   Code   RO          466    i.HAL_GetTick       stm32f3xx_hal.o
    0x080017fc   0x080017fc   0x00000028   Code   RO          473    i.HAL_Init          stm32f3xx_hal.o
    0x08001824   0x08001824   0x0000004c   Code   RO          474    i.HAL_InitTick      stm32f3xx_hal.o
    0x08001870   0x08001870   0x00000002   Code   RO          476    i.HAL_MspInit       stm32f3xx_hal.o
    0x08001872   0x08001872   0x00000020   Code   RO          631    i.HAL_NVIC_EnableIRQ  stm32f3xx_hal_cortex.o
    0x08001892   0x08001892   0x0000007c   Code   RO          637    i.HAL_NVIC_SetPriority  stm32f3xx_hal_cortex.o
    0x0800190e   0x0800190e   0x00000002   PAD
    0x08001910   0x08001910   0x00000028   Code   RO          638    i.HAL_NVIC_SetPriorityGrouping  stm32f3xx_hal_cortex.o
    0x08001938   0x08001938   0x000002ac   Code   RO          882    i.HAL_RCC_ClockConfig  stm32f3xx_hal_rcc.o
    0x08001be4   0x08001be4   0x0000000c   Code   RO          887    i.HAL_RCC_GetHCLKFreq  stm32f3xx_hal_rcc.o
    0x08001bf0   0x08001bf0   0x0000002c   Code   RO          889    i.HAL_RCC_GetPCLK1Freq  stm32f3xx_hal_rcc.o
    0x08001c1c   0x08001c1c   0x0000002c   Code   RO          890    i.HAL_RCC_GetPCLK2Freq  stm32f3xx_hal_rcc.o
    0x08001c48   0x08001c48   0x000000a4   Code   RO          891    i.HAL_RCC_GetSysClockFreq  stm32f3xx_hal_rcc.o
    0x08001cec   0x08001cec   0x00000a24   Code   RO          894    i.HAL_RCC_OscConfig  stm32f3xx_hal_rcc.o
    0x08002710   0x08002710   0x00000034   Code   RO          642    i.HAL_SYSTICK_Config  stm32f3xx_hal_cortex.o
    0x08002744   0x08002744   0x00000002   Code   RO         1696    i.HAL_TIMEx_Break2Callback  stm32f3xx_hal_tim_ex.o
    0x08002746   0x08002746   0x00000002   Code   RO         1697    i.HAL_TIMEx_BreakCallback  stm32f3xx_hal_tim_ex.o
    0x08002748   0x08002748   0x00000002   Code   RO         1698    i.HAL_TIMEx_CommutCallback  stm32f3xx_hal_tim_ex.o
    0x0800274a   0x0800274a   0x00000002   PAD
    0x0800274c   0x0800274c   0x00000088   Code   RO         1716    i.HAL_TIMEx_MasterConfigSynchronization  stm32f3xx_hal_tim_ex.o
    0x080027d4   0x080027d4   0x00000034   Code   RO          988    i.HAL_TIM_Base_Init  stm32f3xx_hal_tim.o
    0x08002808   0x08002808   0x00000084   Code   RO         4008    i.HAL_TIM_Base_MspInit  tim.o
    0x0800288c   0x0800288c   0x00000038   Code   RO          993    i.HAL_TIM_Base_Start_IT  stm32f3xx_hal_tim.o
    0x080028c4   0x080028c4   0x0000010c   Code   RO          997    i.HAL_TIM_ConfigClockSource  stm32f3xx_hal_tim.o
    0x080029d0   0x080029d0   0x00000048   Code   RO         4009    i.HAL_TIM_IC_CaptureCallback  tim.o
    0x08002a18   0x08002a18   0x000000e0   Code   RO         1021    i.HAL_TIM_IC_ConfigChannel  stm32f3xx_hal_tim.o
    0x08002af8   0x08002af8   0x00000034   Code   RO         1024    i.HAL_TIM_IC_Init   stm32f3xx_hal_tim.o
    0x08002b2c   0x08002b2c   0x00000002   Code   RO         1026    i.HAL_TIM_IC_MspInit  stm32f3xx_hal_tim.o
    0x08002b2e   0x08002b2e   0x00000002   PAD
    0x08002b30   0x08002b30   0x00000038   Code   RO         1027    i.HAL_TIM_IC_Start  stm32f3xx_hal_tim.o
    0x08002b68   0x08002b68   0x00000084   Code   RO         1029    i.HAL_TIM_IC_Start_IT  stm32f3xx_hal_tim.o
    0x08002bec   0x08002bec   0x000001b8   Code   RO         1033    i.HAL_TIM_IRQHandler  stm32f3xx_hal_tim.o
    0x08002da4   0x08002da4   0x00000002   Code   RO         1036    i.HAL_TIM_OC_DelayElapsedCallback  stm32f3xx_hal_tim.o
    0x08002da6   0x08002da6   0x00000002   Code   RO         1063    i.HAL_TIM_PWM_PulseFinishedCallback  stm32f3xx_hal_tim.o
    0x08002da8   0x08002da8   0x00000010   Code   RO         4010    i.HAL_TIM_PeriodElapsedCallback  tim.o
    0x08002db8   0x08002db8   0x00000002   Code   RO         1076    i.HAL_TIM_TriggerCallback  stm32f3xx_hal_tim.o
    0x08002dba   0x08002dba   0x00000042   Code   RO         2653    i.HAL_UART_DeInit   stm32f3xx_hal_uart.o
    0x08002dfc   0x08002dfc   0x00000074   Code   RO         2660    i.HAL_UART_Init     stm32f3xx_hal_uart.o
    0x08002e70   0x08002e70   0x00000002   Code   RO         2661    i.HAL_UART_MspDeInit  stm32f3xx_hal_uart.o
    0x08002e72   0x08002e72   0x00000002   Code   RO         2662    i.HAL_UART_MspInit  stm32f3xx_hal_uart.o
    0x08002e74   0x08002e74   0x00000004   Code   RO          236    i.HardFault_Handler  stm32f3xx_it.o
    0x08002e78   0x08002e78   0x0000003c   Code   RO         3925    i.MX_COMP2_Init     comp.o
    0x08002eb4   0x08002eb4   0x00000054   Code   RO         3967    i.MX_DAC_Init       dac.o
    0x08002f08   0x08002f08   0x000000b8   Code   RO         4011    i.MX_TIM2_Init      tim.o
    0x08002fc0   0x08002fc0   0x00000004   Code   RO          237    i.MemManage_Handler  stm32f3xx_it.o
    0x08002fc4   0x08002fc4   0x00000002   Code   RO          238    i.NMI_Handler       stm32f3xx_it.o
    0x08002fc6   0x08002fc6   0x00000002   Code   RO          239    i.PendSV_Handler    stm32f3xx_it.o
    0x08002fc8   0x08002fc8   0x00000002   Code   RO          240    i.SVC_Handler       stm32f3xx_it.o
    0x08002fca   0x08002fca   0x00000008   Code   RO          241    i.SysTick_Handler   stm32f3xx_it.o
    0x08002fd2   0x08002fd2   0x00000050   Code   RO            5    i.SystemClock_Config  main.o
    0x08003022   0x08003022   0x00000002   PAD
    0x08003024   0x08003024   0x0000007c   Code   RO          346    i.SystemInit        system_stm32f3xx.o
    0x080030a0   0x080030a0   0x00000008   Code   RO          242    i.TIM1_UP_TIM16_IRQHandler  stm32f3xx_it.o
    0x080030a8   0x080030a8   0x00000010   Code   RO          243    i.TIM2_IRQHandler   stm32f3xx_it.o
    0x080030b8   0x080030b8   0x00000084   Code   RO         1078    i.TIM_Base_SetConfig  stm32f3xx_hal_tim.o
    0x0800313c   0x0800313c   0x00000022   Code   RO         1079    i.TIM_CCxChannelCmd  stm32f3xx_hal_tim.o
    0x0800315e   0x0800315e   0x00000016   Code   RO         1089    i.TIM_ETR_SetConfig  stm32f3xx_hal_tim.o
    0x08003174   0x08003174   0x00000012   Code   RO         1090    i.TIM_ITRx_SetConfig  stm32f3xx_hal_tim.o
    0x08003186   0x08003186   0x00000026   Code   RO         1098    i.TIM_TI1_ConfigInputStage  stm32f3xx_hal_tim.o
    0x080031ac   0x080031ac   0x0000005c   Code   RO         1099    i.TIM_TI1_SetConfig  stm32f3xx_hal_tim.o
    0x08003208   0x08003208   0x00000028   Code   RO         1100    i.TIM_TI2_ConfigInputStage  stm32f3xx_hal_tim.o
    0x08003230   0x08003230   0x0000003a   Code   RO         1101    i.TIM_TI2_SetConfig  stm32f3xx_hal_tim.o
    0x0800326a   0x0800326a   0x00000038   Code   RO         1102    i.TIM_TI3_SetConfig  stm32f3xx_hal_tim.o
    0x080032a2   0x080032a2   0x0000003c   Code   RO         1103    i.TIM_TI4_SetConfig  stm32f3xx_hal_tim.o
    0x080032de   0x080032de   0x000000f8   Code   RO         2674    i.UART_AdvFeatureConfig  stm32f3xx_hal_uart.o
    0x080033d6   0x080033d6   0x0000006e   Code   RO         2675    i.UART_CheckIdleState  stm32f3xx_hal_uart.o
    0x08003444   0x08003444   0x00000218   Code   RO         2691    i.UART_SetConfig    stm32f3xx_hal_uart.o
    0x0800365c   0x0800365c   0x000000b4   Code   RO         2694    i.UART_WaitOnFlagUntilTimeout  stm32f3xx_hal_uart.o
    0x08003710   0x08003710   0x00000004   Code   RO          245    i.UsageFault_Handler  stm32f3xx_it.o
    0x08003714   0x08003714   0x00000020   Code   RO         4182    i.__0printf$3       mc_w.l(printf3.o)
    0x08003734   0x08003734   0x00000010   Code   RO          644    i.__NVIC_GetPriorityGrouping  stm32f3xx_hal_cortex.o
    0x08003744   0x08003744   0x00000028   Code   RO          645    i.__NVIC_SetPriority  stm32f3xx_hal_cortex.o
    0x0800376c   0x0800376c   0x0000000e   Code   RO         4394    i.__scatterload_copy  mc_w.l(handlers.o)
    0x0800377a   0x0800377a   0x00000002   Code   RO         4395    i.__scatterload_null  mc_w.l(handlers.o)
    0x0800377c   0x0800377c   0x0000000e   Code   RO         4396    i.__scatterload_zeroinit  mc_w.l(handlers.o)
    0x0800378a   0x0800378a   0x00000002   PAD
    0x0800378c   0x0800378c   0x000001b8   Code   RO         4189    i._printf_core      mc_w.l(printf3.o)
    0x08003944   0x08003944   0x00000034   Code   RO         3816    i.adc_dma_isr_cb    adc_rssi.o
    0x08003978   0x08003978   0x00000198   Code   RO         3817    i.adc_init          adc_rssi.o
    0x08003b10   0x08003b10   0x00000018   Code   RO         3818    i.adc_sample_1ms_cb  adc_rssi.o
    0x08003b28   0x08003b28   0x0000000c   Code   RO         3819    i.adc_value_change_reg  adc_rssi.o
    0x08003b34   0x08003b34   0x000000a4   Code   RO         3820    i.adc_value_deal    adc_rssi.o
    0x08003bd8   0x08003bd8   0x0000001a   Code   RO         3865    i.app_scheduler_exe  app_scheduler.o
    0x08003bf2   0x08003bf2   0x00000002   PAD
    0x08003bf4   0x08003bf4   0x0000004c   Code   RO         3866    i.app_scheduler_get  app_scheduler.o
    0x08003c40   0x08003c40   0x00000004   Code   RO         3868    i.app_scheduler_init  app_scheduler.o
    0x08003c44   0x08003c44   0x00000012   Code   RO         3869    i.app_scheduler_next_index  app_scheduler.o
    0x08003c56   0x08003c56   0x00000002   PAD
    0x08003c58   0x08003c58   0x00000120   Code   RO         3870    i.app_scheduler_put  app_scheduler.o
    0x08003d78   0x08003d78   0x0000009c   Code   RO         4012    i.capture_head_evt_handler  tim.o
    0x08003e14   0x08003e14   0x00000088   Code   RO         4013    i.capture_sync_head  tim.o
    0x08003e9c   0x08003e9c   0x00000074   Code   RO         3385    i.debug_init        debug.o
    0x08003f10   0x08003f10   0x00000048   Code   RO         3386    i.debug_uart_gpio_init  debug.o
    0x08003f58   0x08003f58   0x0000001c   Code   RO         3387    i.fputc             debug.o
    0x08003f74   0x08003f74   0x000000ec   Code   RO            6    i.main              main.o
    0x08004060   0x08004060   0x00000050   Code   RO         3576    i.pin12_ctrl_init   pin12_ctrl.o
    0x080040b0   0x080040b0   0x00000028   Code   RO         3577    i.pin12_set_video_ctrl  pin12_ctrl.o
    0x080040d8   0x080040d8   0x00000054   Code   RO         3697    i.pin22_ctrl_init   pin22_ctrl.o
    0x0800412c   0x0800412c   0x00000014   Code   RO         3715    i.pin22_output_ctrl  pin22_ctrl.o
    0x08004140   0x08004140   0x00000054   Code   RO         3643    i.pin24_ctrl_init   pin24_ctrl.o
    0x08004194   0x08004194   0x00000014   Code   RO         3661    i.pin24_output_ctrl  pin24_ctrl.o
    0x080041a8   0x080041a8   0x00000040   Code   RO         3606    i.pin25_1ms_callback  pin25_ctrl.o
    0x080041e8   0x080041e8   0x00000064   Code   RO         3607    i.pin25_ctrl_init   pin25_ctrl.o
    0x0800424c   0x0800424c   0x000000b4   Code   RO         3608    i.pin25_exti15_interrupt_handler  pin25_ctrl.o
    0x08004300   0x08004300   0x00000050   Code   RO         3673    i.pin27_ctrl_init   pin27_ctrl.o
    0x08004350   0x08004350   0x00000050   Code   RO         3546    i.pin30_ctrl_init   pin30_ctrl.o
    0x080043a0   0x080043a0   0x00000028   Code   RO         3547    i.pin30_set_video_ctrl  pin30_ctrl.o
    0x080043c8   0x080043c8   0x0000000a   Code   RO         3747    i.pwm_ctrl_init     pwm_ctrl.o
    0x080043d2   0x080043d2   0x00000002   PAD
    0x080043d4   0x080043d4   0x00000044   Code   RO         3748    i.pwm_gpio_init     pwm_ctrl.o
    0x08004418   0x08004418   0x00000030   Code   RO         3798    i.pwm_tim1_up_interrupt_handler  pwm_ctrl.o
    0x08004448   0x08004448   0x00000088   Code   RO         3431    i.rssi_detect_callbacks  rssi_signal_ctrl.o
    0x080044d0   0x080044d0   0x00000010   Code   RO         3432    i.rssi_event_handle  rssi_signal_ctrl.o
    0x080044e0   0x080044e0   0x00000020   Code   RO         3433    i.rssi_get_is_both_weak  rssi_signal_ctrl.o
    0x08004500   0x08004500   0x000000e8   Code   RO         3434    i.rssi_signal_avg_calc  rssi_signal_ctrl.o
    0x080045e8   0x080045e8   0x00000020   Code   RO         3435    i.rssi_signal_ctrl_init  rssi_signal_ctrl.o
    0x08004608   0x08004608   0x00000080   Code   RO         3436    i.rssi_video_ctrl_deal  rssi_signal_ctrl.o
    0x08004688   0x08004688   0x000000fc   Code   RO         3437    i.rssi_video_sw_ctrl_deal  rssi_signal_ctrl.o
    0x08004784   0x08004784   0x00000044   Code   RO            7    i.scheduler_test    main.o
    0x080047c8   0x080047c8   0x00000060   Code   RO            8    i.systic_test       main.o
    0x08004828   0x08004828   0x00000028   Code   RO         3724    i.systick_1ms_cb_reg  systick.o
    0x08004850   0x08004850   0x00000028   Code   RO         3735    i.systick_interrupt_callback  systick.o
    0x08004878   0x08004878   0x00000018   Data   RO          347    .constdata          system_stm32f3xx.o
    0x08004890   0x08004890   0x00000020   Data   RO          895    .constdata          stm32f3xx_hal_rcc.o
    0x080048b0   0x080048b0   0x00000020   Data   RO         4392    Region$$Table       anon$$obj.o


    Execution Region RW_IRAM1 (Exec base: 0x20000000, Load base: 0x080048d0, Size: 0x00000a70, Max: 0x00004000, ABSOLUTE)

    Exec Addr    Load Addr    Size         Type   Attr      Idx    E Section Name        Object

    0x20000000   0x080048d0   0x00000004   Data   RW            9    .data               main.o
    0x20000004   0x080048d4   0x00000004   Data   RW          348    .data               system_stm32f3xx.o
    0x20000008   0x080048d8   0x00000009   Data   RW          480    .data               stm32f3xx_hal.o
    0x20000011   0x080048e1   0x00000001   PAD
    0x20000012   0x080048e2   0x00000016   Data   RW         3438    .data               rssi_signal_ctrl.o
    0x20000028   0x080048f8   0x00000004   Data   RW         3609    .data               pin25_ctrl.o
    0x2000002c   0x080048fc   0x00000014   Data   RW         3754    .data               pwm_ctrl.o
    0x20000040   0x08004910   0x0000000d   Data   RW         3822    .data               adc_rssi.o
    0x2000004d   0x0800491d   0x00000001   PAD
    0x2000004e   0x0800491e   0x00000004   Data   RW         3872    .data               app_scheduler.o
    0x20000052   0x08004922   0x00000002   PAD
    0x20000054   0x08004924   0x00000018   Data   RW         4016    .data               tim.o
    0x2000006c   0x0800493c   0x00000004   Data   RW         4368    .data               mc_w.l(stdout.o)
    0x20000070        -       0x00000080   Zero   RW         3388    .bss                debug.o
    0x200000f0        -       0x0000000c   Zero   RW         3725    .bss                systick.o
    0x200000fc        -       0x0000005c   Zero   RW         3753    .bss                pwm_ctrl.o
    0x20000158        -       0x000000b4   Zero   RW         3821    .bss                adc_rssi.o
    0x2000020c        -       0x0000024c   Zero   RW         3871    .bss                app_scheduler.o
    0x20000458        -       0x00000030   Zero   RW         3926    .bss                comp.o
    0x20000488        -       0x00000014   Zero   RW         3968    .bss                dac.o
    0x2000049c        -       0x000001d0   Zero   RW         4015    .bss                tim.o
    0x2000066c   0x08004940   0x00000004   PAD
    0x20000670        -       0x00000400   Zero   RW          379    STACK               startup_stm32f301x8.o


==============================================================================

Image component sizes


      Code (inc. data)   RO Data    RW Data    ZI Data      Debug   Object Name

       660         70          0         13        180       4139   adc_rssi.o
       412        112          0          4        588       9337   app_scheduler.o
       176         18          0          0         48       1600   comp.o
       196         20          0          0         20       1623   dac.o
       216         24          0          0        128       2129   debug.o
       482        182          0          4          0     416483   main.o
       120          6          0          0          0       1509   pin12_ctrl.o
       104         10          0          0          0       1398   pin22_ctrl.o
       104          8          0          0          0       1398   pin24_ctrl.o
       344        114          0          4          0       2471   pin25_ctrl.o
        80         10          0          0          0        954   pin27_ctrl.o
       120         14          0          0          0       1509   pin30_ctrl.o
       126         12          0         20         92       2452   pwm_ctrl.o
       828        270          0         22          0       5334   rssi_signal_ctrl.o
        36          8        392          0       1024        820   startup_stm32f301x8.o
       130         24          0          9          0      11125   stm32f3xx_hal.o
        10          0          0          0          0       3204   stm32f3xx_hal_adc.o
      3330         84          0          0          0      11337   stm32f3xx_hal_adc_ex.o
       524         12          0          0          0       2057   stm32f3xx_hal_comp.o
       304         22          0          0          0      32759   stm32f3xx_hal_cortex.o
        40          0          0          0          0       1043   stm32f3xx_hal_dac.o
       200          0          0          0          0       2743   stm32f3xx_hal_dac_ex.o
       484          4          0          0          0       4579   stm32f3xx_hal_dma.o
       486         26          0          0          0       3516   stm32f3xx_hal_gpio.o
      3544        100         32          0          0       6392   stm32f3xx_hal_rcc.o
      1838         42          0          0          0      16265   stm32f3xx_hal_tim.o
       142         10          0          0          0       3052   stm32f3xx_hal_tim_ex.o
      1260         48          0          0          0       6539   stm32f3xx_hal_uart.o
       102         10          0          0          0       6560   stm32f3xx_it.o
       124         20         24          4          0       1159   system_stm32f3xx.o
        80         10          0          0         12       1670   systick.o
       696         62          0         24        464       5292   tim.o

    ----------------------------------------------------------------------
     17324       1352        480        108       2560     572448   Object Totals
         0          0         32          0          0          0   (incl. Generated)
        26          0          0          4          4          0   (incl. Padding)

    ----------------------------------------------------------------------

      Code (inc. data)   RO Data    RW Data    ZI Data      Debug   Library Member Name

         0          0          0          0          0          0   entry.o
         0          0          0          0          0          0   entry10a.o
         0          0          0          0          0          0   entry11a.o
         8          4          0          0          0          0   entry2.o
         4          0          0          0          0          0   entry5.o
         0          0          0          0          0          0   entry7b.o
         0          0          0          0          0          0   entry8b.o
         8          4          0          0          0          0   entry9a.o
        30          0          0          0          0          0   handlers.o
        36          8          0          0          0         68   init.o
        30          0          0          0          0         68   llshl.o
        32          0          0          0          0         68   llushr.o
        36          0          0          0          0         68   memcpya.o
        36          0          0          0          0        108   memseta.o
       472         14          0          0          0        184   printf3.o
         0          0          0          4          0          0   stdout.o
        44          0          0          0          0         80   uidiv.o
        98          0          0          0          0         92   uldiv.o

    ----------------------------------------------------------------------
       836         30          0          4          0        736   Library Totals
         2          0          0          0          0          0   (incl. Padding)

    ----------------------------------------------------------------------

      Code (inc. data)   RO Data    RW Data    ZI Data      Debug   Library Name

       834         30          0          4          0        736   mc_w.l

    ----------------------------------------------------------------------
       836         30          0          4          0        736   Library Totals

    ----------------------------------------------------------------------

==============================================================================


      Code (inc. data)   RO Data    RW Data    ZI Data      Debug   

     18160       1382        480        112       2560     558676   Grand Totals
     18160       1382        480        112       2560     558676   ELF Image Totals
     18160       1382        480        112          0          0   ROM Totals

==============================================================================

    Total RO  Size (Code + RO Data)                18640 (  18.20kB)
    Total RW  Size (RW Data + ZI Data)              2672 (   2.61kB)
    Total ROM Size (Code + RO Data + RW Data)      18752 (  18.31kB)

==============================================================================

